Archive member included to satisfy reference by file (symbol)

/home/dji/optee_os/out/arm/export-ta_arm32/lib/libutee.a(user_ta_entry.o)
                              ./user_ta_header.o (__utee_entry)
/home/dji/optee_os/out/arm/export-ta_arm32/lib/libutee.a(utee_syscalls_a32.o)
                              /home/dji/optee_os/out/arm/export-ta_arm32/lib/libutee.a(user_ta_entry.o) (utee_return)
/home/dji/optee_os/out/arm/export-ta_arm32/lib/libutee.a(gprof_a32.o)
                              /home/dji/optee_os/out/arm/export-ta_arm32/lib/libutee.a(user_ta_entry.o) (__utee_mcount)
/home/dji/optee_os/out/arm/export-ta_arm32/lib/libutee.a(tee_api_arith.o)
                              /home/dji/optee_os/out/arm/export-ta_arm32/lib/libutee.a(user_ta_entry.o) (_TEE_MathAPI_Init)
/home/dji/optee_os/out/arm/export-ta_arm32/lib/libutee.a(tee_api.o)
                              /home/dji/optee_os/out/arm/export-ta_arm32/lib/libutee.a(user_ta_entry.o) (__utee_from_param)
/home/dji/optee_os/out/arm/export-ta_arm32/lib/libutee.a(tee_api_panic.o)
                              /home/dji/optee_os/out/arm/export-ta_arm32/lib/libutee.a(user_ta_entry.o) (TEE_Panic)
/home/dji/optee_os/out/arm/export-ta_arm32/lib/libutee.a(utee_misc.o)
                              /home/dji/optee_os/out/arm/export-ta_arm32/lib/libutee.a(tee_api_arith.o) (get_rng_array)
/home/dji/optee_os/out/arm/export-ta_arm32/lib/libutee.a(tee_user_mem.o)
                              /home/dji/optee_os/out/arm/export-ta_arm32/lib/libutee.a(tee_api.o) (tee_user_mem_alloc)
/home/dji/optee_os/out/arm/export-ta_arm32/lib/libutee.a(trace_ext.o)
                              /home/dji/optee_os/out/arm/export-ta_arm32/lib/libutee.a(tee_api_arith.o) (printf)
/home/dji/optee_os/out/arm/export-ta_arm32/lib/libutee.a(assert.o)
                              /home/dji/optee_os/out/arm/export-ta_arm32/lib/libutee.a(tee_user_mem.o) (_assert_log)
/home/dji/optee_os/out/arm/export-ta_arm32/lib/libutils.a(bget_malloc.o)
                              /home/dji/optee_os/out/arm/export-ta_arm32/lib/libutee.a(utee_misc.o) (malloc)
/home/dji/optee_os/out/arm/export-ta_arm32/lib/libutils.a(snprintf.o)
                              /home/dji/optee_os/out/arm/export-ta_arm32/lib/libutee.a(trace_ext.o) (vsnprintf)
/home/dji/optee_os/out/arm/export-ta_arm32/lib/libutils.a(memcmp.o)
                              /home/dji/optee_os/out/arm/export-ta_arm32/lib/libutee.a(tee_api.o) (memcmp)
/home/dji/optee_os/out/arm/export-ta_arm32/lib/libutils.a(memcpy.o)
                              /home/dji/optee_os/out/arm/export-ta_arm32/lib/libutee.a(user_ta_entry.o) (memcpy)
/home/dji/optee_os/out/arm/export-ta_arm32/lib/libutils.a(memmove.o)
                              /home/dji/optee_os/out/arm/export-ta_arm32/lib/libutee.a(tee_api.o) (memmove)
/home/dji/optee_os/out/arm/export-ta_arm32/lib/libutils.a(memset.o)
                              /home/dji/optee_os/out/arm/export-ta_arm32/lib/libutee.a(user_ta_entry.o) (memset)
/home/dji/optee_os/out/arm/export-ta_arm32/lib/libutils.a(strlen.o)
                              /home/dji/optee_os/out/arm/export-ta_arm32/lib/libutee.a(trace_ext.o) (strlen)
/home/dji/optee_os/out/arm/export-ta_arm32/lib/libutils.a(snprintk.o)
                              /home/dji/optee_os/out/arm/export-ta_arm32/lib/libutils.a(snprintf.o) (__vsnprintf)
/home/dji/optee_os/out/arm/export-ta_arm32/lib/libutils.a(trace.o)
                              /home/dji/optee_os/out/arm/export-ta_arm32/lib/libutee.a(user_ta_entry.o) (trace_set_level)
/home/dji/optee_os/out/arm/export-ta_arm32/lib/libutils.a(aeabi_unwind.o)
                              ./jimmy_test_ta.o (__aeabi_unwind_cpp_pr0)
/home/dji/optee_os/out/arm/export-ta_arm32/lib/libutils.a(memchr.o)
                              /home/dji/optee_os/out/arm/export-ta_arm32/lib/libutils.a(snprintk.o) (memchr)
/home/dji/optee_os/out/arm/export-ta_arm32/lib/libutils.a(arm32_aeabi_ldivmod_a32.o)
                              /home/dji/optee_os/out/arm/export-ta_arm32/lib/libutils.a(snprintk.o) (__aeabi_uldivmod)
/home/dji/optee_os/out/arm/export-ta_arm32/lib/libutils.a(arm32_aeabi_ldivmod.o)
                              /home/dji/optee_os/out/arm/export-ta_arm32/lib/libutils.a(arm32_aeabi_ldivmod_a32.o) (__ul_divmod)
/home/dji/optee_os/out/arm/export-ta_arm32/lib/libmpa.a(mpa_misc.o)
                              /home/dji/optee_os/out/arm/export-ta_arm32/lib/libutee.a(tee_api_arith.o) (mpa_copy)
/home/dji/optee_os/out/arm/export-ta_arm32/lib/libmpa.a(mpa_montgomery.o)
                              /home/dji/optee_os/out/arm/export-ta_arm32/lib/libutee.a(tee_api_arith.o) (mpa_compute_fmm_context)
/home/dji/optee_os/out/arm/export-ta_arm32/lib/libmpa.a(mpa_primetest.o)
                              /home/dji/optee_os/out/arm/export-ta_arm32/lib/libutee.a(tee_api_arith.o) (mpa_is_prob_prime)
/home/dji/optee_os/out/arm/export-ta_arm32/lib/libmpa.a(mpa_conv.o)
[...]
Memory Configuration

Name             Origin             Length             Attributes
*default*        0x0000000000000000 0xffffffffffffffff

Linker script and memory map


.ta_head        0x0000000000000000       0x20
 *(SORT(.ta_head))
 .ta_head       0x0000000000000000       0x20 ./user_ta_header.o
                0x0000000000000000                ta_head

.text           0x0000000000000020     0xa5b8
                0x0000000000000020                __text_start = .
 *(SORT(.text) SORT(.text.*))
 .text          0x0000000000000020      0x2bc ./jimmy_test_ta.o
                0x0000000000000020                TA_CreateEntryPoint
                0x0000000000000054                TA_DestroyEntryPoint
                0x0000000000000084                TA_OpenSessionEntryPoint
                0x00000000000000fc                TA_CloseSessionEntryPoint
                0x0000000000000294                TA_InvokeCommandEntryPoint
 .text          0x00000000000002dc      0x424 /home/dji/optee_os/out/arm/export-ta_arm32/lib/libutee.a(user_ta_entry.o)
                0x000000000000069a                __utee_entry
 .text          0x0000000000000700      0x5e4 /home/dji/optee_os/out/arm/export-ta_arm32/lib/libutee.a(utee_syscalls_a32.o)
                0x0000000000000700                utee_panic
                0x0000000000000714                utee_return
                0x0000000000000728                utee_log
                0x000000000000073c                __utee_panic
                0x0000000000000750                utee_get_property
                0x0000000000000768                utee_get_property_name_to_index
                0x000000000000077c                utee_open_ta_session
                0x0000000000000794                utee_close_ta_session
                0x00000000000007a8                utee_invoke_ta_command
                0x00000000000007c0                utee_get_cancellation_flag
                0x00000000000007d4                utee_check_access_rights
                0x00000000000007e8                utee_unmask_cancellation
                0x00000000000007fc                utee_mask_cancellation
                0x0000000000000810                utee_wait
                0x0000000000000824                utee_get_time
                0x0000000000000838                utee_set_ta_time
                0x000000000000084c                utee_cryp_state_alloc
                0x0000000000000864                utee_cryp_state_copy
                0x0000000000000878                utee_cryp_state_free
                0x000000000000088c                utee_hash_init
                0x00000000000008a0                utee_hash_update
                0x00000000000008b4                utee_hash_final
                0x00000000000008cc                utee_cipher_init
                0x00000000000008e0                utee_cipher_update
                0x00000000000008f8                utee_cipher_final
                0x0000000000000910                utee_cryp_obj_get_info
                0x0000000000000924                utee_cryp_obj_restrict_usage
                0x0000000000000938                utee_cryp_obj_get_attr
                0x000000000000094c                utee_cryp_obj_alloc
                0x0000000000000960                utee_cryp_obj_close
                0x0000000000000974                utee_cryp_obj_reset
                0x0000000000000988                utee_cryp_obj_populate
                0x000000000000099c                utee_cryp_obj_copy
                0x00000000000009b0                utee_cryp_derive_key
                0x00000000000009c4                utee_cryp_random_number_generate
                0x00000000000009d8                utee_authenc_init
                0x00000000000009f0                utee_authenc_update_aad
                0x0000000000000a04                utee_authenc_update_payload
                0x0000000000000a1c                utee_authenc_enc_final
                0x0000000000000a34                utee_authenc_dec_final
                0x0000000000000a4c                utee_asymm_operate
                0x0000000000000a64                utee_asymm_verify
                0x0000000000000a7c                utee_storage_obj_open
                0x0000000000000a94                utee_storage_obj_create
                0x0000000000000aac                utee_storage_obj_del
                0x0000000000000ac0                utee_storage_obj_rename
                0x0000000000000ad4                utee_storage_alloc_enum
                0x0000000000000ae8                utee_storage_free_enum
                0x0000000000000afc                utee_storage_reset_enum
                0x0000000000000b10                utee_storage_start_enum
                0x0000000000000b24                utee_storage_next_enum
                0x0000000000000b38                utee_storage_obj_read
                0x0000000000000b4c                utee_storage_obj_write
                0x0000000000000b60                utee_storage_obj_trunc
                0x0000000000000b74                utee_storage_obj_seek
                0x0000000000000b88                utee_cryp_obj_generate_key
                0x0000000000000b9c                utee_se_service_open
                0x0000000000000bb0                utee_se_service_close
                0x0000000000000bc4                utee_se_service_get_readers
                0x0000000000000bd8                utee_se_reader_get_prop
                0x0000000000000bec                utee_se_reader_get_name
                0x0000000000000c00                utee_se_reader_open_session
                0x0000000000000c14                utee_se_reader_close_sessions
                0x0000000000000c28                utee_se_session_is_closed
                0x0000000000000c3c                utee_se_session_get_atr
                0x0000000000000c50                utee_se_session_open_channel
                0x0000000000000c68                utee_se_session_close
                0x0000000000000c7c                utee_se_channel_select_next
                0x0000000000000c90                utee_se_channel_get_select_resp
                0x0000000000000ca4                utee_se_channel_transmit
                0x0000000000000cbc                utee_se_channel_close
                0x0000000000000cd0                utee_cache_operation
 .text          0x0000000000000ce4        0xc /home/dji/optee_os/out/arm/export-ta_arm32/lib/libutee.a(gprof_a32.o)
                0x0000000000000ce4                __utee_mcount
 .text          0x0000000000000cf0      0x9e4 /home/dji/optee_os/out/arm/export-ta_arm32/lib/libutee.a(tee_api_arith.o)
                0x0000000000000d18                _TEE_MathAPI_Init
                0x0000000000000d5c                TEE_BigIntInit
                0x0000000000000d7a                TEE_BigIntInitFMM
                0x0000000000000dba                TEE_BigIntInitFMMContext
                0x0000000000000e04                TEE_BigIntFMMSizeInU32
                0x0000000000000e2a                TEE_BigIntFMMContextSizeInU32
                0x0000000000000e58                TEE_BigIntConvertFromOctetString
                0x0000000000000ebe                TEE_BigIntConvertToOctetString
                0x0000000000000f28                TEE_BigIntConvertFromS32
                0x0000000000000f4a                TEE_BigIntConvertToS32
                0x0000000000000fa0                TEE_BigIntCmp
                0x0000000000000fc8                TEE_BigIntCmpS32
                0x0000000000000fec                TEE_BigIntShiftRight
                0x0000000000001016                TEE_BigIntGetBit
                0x0000000000001044                TEE_BigIntGetBitCount
                0x0000000000001068                TEE_BigIntAdd
                0x00000000000010a0                TEE_BigIntSub
                0x00000000000010d8                TEE_BigIntNeg
                0x00000000000010fe                TEE_BigIntMul
                0x0000000000001138                TEE_BigIntSquare
                0x000000000000116c                TEE_BigIntDiv
                0x00000000000011cc                TEE_BigIntMod
                0x0000000000001248                TEE_BigIntAddMod
                0x00000000000012cc                TEE_BigIntSubMod
                0x0000000000001350                TEE_BigIntMulMod
                0x000000000000140c                TEE_BigIntSquareMod
                0x0000000000001430                TEE_BigIntInvMod
                0x0000000000001498                TEE_BigIntRelativePrime
                0x0000000000001514                TEE_BigIntComputeExtendedGcd
                0x0000000000001560                TEE_BigIntIsProbablePrime
                0x00000000000015ac                TEE_BigIntConvertToFMM
                0x00000000000015f8                TEE_BigIntConvertFromFMM
                0x0000000000001688                TEE_BigIntComputeFMM
 .text          0x00000000000016d4      0x738 /home/dji/optee_os/out/arm/export-ta_arm32/lib/libutee.a(tee_api.o)
                0x00000000000016d4                __utee_from_param
                0x000000000000183a                __utee_to_param
                0x0000000000001934                TEE_OpenTASession
                0x000000000000199a                TEE_CloseTASession
                0x00000000000019ca                TEE_InvokeTACommand
                0x0000000000001a5a                TEE_GetCancellationFlag
                0x0000000000001a8e                TEE_UnmaskCancellation
                0x0000000000001ac2                TEE_MaskCancellation
                0x0000000000001af6                TEE_CheckMemoryAccessRights
                0x0000000000001b38                TEE_SetInstanceData
                0x0000000000001b60                TEE_GetInstanceData
                0x0000000000001b7c                TEE_MemMove
                0x0000000000001ba0                TEE_MemCompare
                0x0000000000001bc4                TEE_MemFill
                0x0000000000001bea                TEE_GetSystemTime
                0x0000000000001c16                TEE_Wait
                0x0000000000001c4e                TEE_GetTAPersistentTime
                0x0000000000001cd2                TEE_SetTAPersistentTime
                0x0000000000001d18                TEE_GetREETime
                0x0000000000001d44                TEE_Malloc
                0x0000000000001d64                TEE_Realloc
                0x0000000000001d84                TEE_Free
                0x0000000000001d9e                TEE_CacheClean
                0x0000000000001dc2                TEE_CacheFlush
                0x0000000000001de6                TEE_CacheInvalidate
 .text          0x0000000000001e0c      0x7b4 /home/dji/optee_os/out/arm/export-ta_arm32/lib/libutee.a(tee_user_mem.o)
                0x0000000000002184                tee_user_mem_alloc
                0x00000000000022cc                tee_user_mem_realloc
                0x0000000000002378                tee_user_mem_free
                0x0000000000002488                tee_user_mem_mark_heap
                0x00000000000024a8                tee_user_mem_check_heap
                0x0000000000002584                tee_user_mem_garbage
 .text          0x00000000000025c0      0x110 /home/dji/optee_os/out/arm/export-ta_arm32/lib/libutee.a(trace_ext.o)
                0x00000000000025c0                trace_ext_puts
                0x00000000000025e4                trace_ext_get_thread_id
                0x00000000000025f8                printf
                0x0000000000002660                puts
                0x0000000000002698                putchar
 .text          0x00000000000026d0       0x5c /home/dji/optee_os/out/arm/export-ta_arm32/lib/libutee.a(assert.o)
                0x00000000000026d0                _assert_log
                0x0000000000002718                _assert_break
 .text          0x000000000000272c     0x182c /home/dji/optee_os/out/arm/export-ta_arm32/lib/libutils.a(bget_malloc.o)
                0x00000000000027b0                bget
                0x0000000000002a18                bgetz
                0x0000000000002aac                bgetr
                0x0000000000002b40                brel
                0x0000000000002ea0                bpool
                0x0000000000002fc4                bstats
                0x0000000000003124                malloc_reset_stats
                0x0000000000003184                malloc_get_stats
                0x0000000000003b30                malloc
                0x0000000000003b62                free
                0x0000000000003b88                calloc
                0x0000000000003be6                realloc
                0x0000000000003c14                memalign
                0x0000000000003c70                malloc_add_pool
                0x0000000000003df8                malloc_buffer_is_within_alloced
                0x0000000000003e96                malloc_buffer_overlaps_heap
 .text          0x0000000000003f58      0xf68 /home/dji/optee_os/out/arm/export-ta_arm32/lib/libutils.a(snprintk.o)
                0x0000000000003f58                snprintk
                0x0000000000003f8e                vsnprintk
                0x0000000000003fbc                __vsnprintf
 .text          0x0000000000004ec0      0x3d4 /home/dji/optee_os/out/arm/export-ta_arm32/lib/libutils.a(trace.o)
                0x0000000000004ec0                trace_set_level
                0x0000000000004f08                trace_get_level
                0x0000000000004f88                trace_printf
                0x0000000000005274                dhex_dump
 .text.__aeabi_ldivmod
                0x0000000000005294       0x18 /home/dji/optee_os/out/arm/export-ta_arm32/lib/libutils.a(arm32_aeabi_ldivmod_a32.o)
                0x0000000000005294                __aeabi_ldivmod
 .text.__aeabi_uldivmod
                0x00000000000052ac       0x18 /home/dji/optee_os/out/arm/export-ta_arm32/lib/libutils.a(arm32_aeabi_ldivmod_a32.o)
                0x00000000000052ac                __aeabi_uldivmod
 .text          0x00000000000052c4      0x254 /home/dji/optee_os/out/arm/export-ta_arm32/lib/libmpa.a(mpa_misc.o)
                0x00000000000052c4                __mpa_set_unused_digits_to_zero
                0x000000000000530c                mpa_wipe
                0x0000000000005340                mpa_copy
                0x0000000000005388                mpa_abs
                0x00000000000053ba                mpa_highest_bit_index
                0x000000000000543a                mpa_get_bit
                0x00000000000054a4                mpa_can_hold
                0x00000000000054d6                mpa_parity
                0x0000000000005500                mpa_constant_one
 .text          0x0000000000005518      0x4ec /home/dji/optee_os/out/arm/export-ta_arm32/lib/libmpa.a(mpa_montgomery.o)
                0x0000000000005518                __mpa_montgomery_mul_add
                0x000000000000564c                __mpa_montgomery_sub_ack
                0x0000000000005766                __mpa_montgomery_mul
                0x0000000000005896                mpa_compute_fmm_context
                0x00000000000059b8                mpa_montgomery_mul
 .text          0x0000000000005a04      0x450 /home/dji/optee_os/out/arm/export-ta_arm32/lib/libmpa.a(mpa_primetest.o)
                0x0000000000005a04                mpa_is_prob_prime
 .text          0x0000000000005e54      0x204 /home/dji/optee_os/out/arm/export-ta_arm32/lib/libmpa.a(mpa_random.o)
                0x0000000000005e54                mpa_set_random_generator
                0x0000000000005eb0                mpa_get_random
                0x0000000000005fec                mpa_get_random_digits
 .text          0x0000000000006058      0x190 /home/dji/optee_os/out/arm/export-ta_arm32/lib/libmpa.a(mpa_expmod.o)
                0x0000000000006058                mpa_exp_mod
 .text          0x00000000000061e8      0xa54 /home/dji/optee_os/out/arm/export-ta_arm32/lib/libmpa.a(mpa_io.o)
                0x00000000000065ba                mpa_get_str_size
                0x00000000000065ce                mpa_set_str
                0x0000000000006900                mpa_get_str
                0x00000000000069f4                mpa_set_oct_str
                0x0000000000006b24                mpa_get_oct_str
 .text          0x0000000000006c3c       0x14 ./user_ta_header.o
                0x0000000000006c3c                tahead_get_trace_level
 .text          0x0000000000006c50       0x1a /home/dji/optee_os/out/arm/export-ta_arm32/lib/libutee.a(tee_api_panic.o)
                0x0000000000006c50                TEE_Panic
 .text          0x0000000000006c6a       0xaa /home/dji/optee_os/out/arm/export-ta_arm32/lib/libutee.a(utee_misc.o)
                0x0000000000006c6a                utee_get_ta_exec_id
                0x0000000000006c7e                utee_malloc
                0x0000000000006c9a                utee_realloc
                0x0000000000006cba                utee_calloc
                0x0000000000006cda                utee_free
                0x0000000000006cf4                get_rng_array
 .text          0x0000000000006d14       0x6a /home/dji/optee_os/out/arm/export-ta_arm32/lib/libutils.a(snprintf.o)
                0x0000000000006d14                snprintf
                0x0000000000006d50                vsnprintf
 .text          0x0000000000006d7e       0xb8 /home/dji/optee_os/out/arm/export-ta_arm32/lib/libutils.a(memcmp.o)
                0x0000000000006d7e                memcmp
 .text          0x0000000000006e36       0xf2 /home/dji/optee_os/out/arm/export-ta_arm32/lib/libutils.a(memcpy.o)
                0x0000000000006e36                memcpy
 .text          0x0000000000006f28      0x13e /home/dji/optee_os/out/arm/export-ta_arm32/lib/libutils.a(memmove.o)
                0x0000000000006f28                memmove
 .text          0x0000000000007066      0x11c /home/dji/optee_os/out/arm/export-ta_arm32/lib/libutils.a(memset.o)
                0x0000000000007066                memset
 .text          0x0000000000007182       0x8a /home/dji/optee_os/out/arm/export-ta_arm32/lib/libutils.a(strlen.o)
                0x0000000000007182                strlen
 .text          0x000000000000720c       0x30 /home/dji/optee_os/out/arm/export-ta_arm32/lib/libutils.a(aeabi_unwind.o)
                0x000000000000720c                __aeabi_unwind_cpp_pr0
                0x000000000000721c                __aeabi_unwind_cpp_pr1
                0x000000000000722c                __aeabi_unwind_cpp_pr2
 .text          0x000000000000723c      0x114 /home/dji/optee_os/out/arm/export-ta_arm32/lib/libutils.a(memchr.o)
                0x000000000000723c                memchr
 .text          0x0000000000007350      0x2b0 /home/dji/optee_os/out/arm/export-ta_arm32/lib/libutils.a(arm32_aeabi_ldivmod.o)
                0x00000000000074a8                __ul_divmod
                0x000000000000751a                __l_divmod
 .text          0x0000000000007600      0x146 /home/dji/optee_os/out/arm/export-ta_arm32/lib/libmpa.a(mpa_conv.o)
                0x0000000000007600                mpa_set_S32
                0x000000000000764c                mpa_get_S32
                0x00000000000076e2                mpa_set_word
                0x0000000000007714                mpa_get_word
 .text          0x0000000000007746      0xa9c /home/dji/optee_os/out/arm/export-ta_arm32/lib/libmpa.a(mpa_div.o)
                0x000000000000781e                __mpa_div_dword
                0x0000000000007e90                __mpa_div_q_r_internal_word
                0x0000000000007fc2                __mpa_div_q_r
                0x000000000000810c                mpa_div
 .text          0x00000000000081e2      0x7dc /home/dji/optee_os/out/arm/export-ta_arm32/lib/libmpa.a(mpa_gcd.o)
                0x00000000000086f8                mpa_gcd
                0x00000000000087e4                mpa_extended_gcd
 .text          0x00000000000089be      0x264 /home/dji/optee_os/out/arm/export-ta_arm32/lib/libmpa.a(mpa_mem_static.o)
                0x00000000000089be                mpa_init_scratch_mem_sync
                0x0000000000008a06                mpa_init_scratch_mem
                0x0000000000008a38                mpa_alloc_static_temp_var_size
                0x0000000000008b6c                mpa_alloc_static_temp_var
                0x0000000000008b92                mpa_free_static_temp_var
 .text          0x0000000000008c22      0x42a /home/dji/optee_os/out/arm/export-ta_arm32/lib/libmpa.a(mpa_mul.o)
                0x0000000000008c22                __mpa_mul_add_word
                0x0000000000008c9c                __mpa_mul_add_word_cum
                0x0000000000008d24                __mpa_abs_mul_word
                0x0000000000008dd2                __mpa_abs_mul
                0x0000000000008ede                mpa_mul
                0x0000000000008fa2                mpa_mul_word
 .text          0x000000000000904c      0x56c /home/dji/optee_os/out/arm/export-ta_arm32/lib/libmpa.a(mpa_shift.o)
                0x000000000000904c                __mpa_shift_words_left
                0x00000000000090fe                __mpa_shift_words_right
                0x00000000000091b2                mpa_shift_left
                0x00000000000093da                mpa_shift_right
 .text          0x00000000000095b8      0xab4 /home/dji/optee_os/out/arm/export-ta_arm32/lib/libmpa.a(mpa_addsub.o)
                0x00000000000095b8                __mpa_full_adder
                0x000000000000961c                __mpa_full_sub
                0x0000000000009684                __mpa_full_adder_ackum
                0x00000000000096e8                __mpa_abs_add
                0x00000000000097fc                __mpa_abs_add_ackum
                0x00000000000098e2                __mpa_abs_sub
                0x00000000000099ce                mpa_add
                0x0000000000009ba8                mpa_sub
                0x0000000000009daa                mpa_neg
                0x0000000000009dd4                mpa_add_word
                0x0000000000009f1e                mpa_sub_word
 .text          0x000000000000a06c      0x280 /home/dji/optee_os/out/arm/export-ta_arm32/lib/libmpa.a(mpa_cmp.o)
                0x000000000000a06c                __mpa_abs_cmp
                0x000000000000a16a                __mpa_abs_greater_than
                0x000000000000a194                __mpa_abs_less_than
                0x000000000000a1ba                mpa_cmp
                0x000000000000a244                mpa_cmp_short
 .text          0x000000000000a2ec       0xe8 /home/dji/optee_os/out/arm/export-ta_arm32/lib/libmpa.a(mpa_init.o)
                0x000000000000a2ec                mpa_init_static
                0x000000000000a338                mpa_init_static_fmm_context
 .text          0x000000000000a3d4      0x204 /home/dji/optee_os/out/arm/export-ta_arm32/lib/libmpa.a(mpa_modulus.o)
                0x000000000000a3d4                mpa_mod
                0x000000000000a400                mpa_add_mod
                0x000000000000a450                mpa_sub_mod
                0x000000000000a4a0                mpa_mul_mod
                0x000000000000a4f0                mpa_inv_mod
 .text          0x000000000000a5d8        0x0 /home/dji/optee_os/out/arm/export-ta_arm32/lib/libutils.a(arm32_aeabi_ldivmod_a32.o)
 *(SORT(.stub))
 *(SORT(.glue_7))
 .glue_7        0x000000000000a5d8        0x0 linker stubs
 *(SORT(.glue_7t))
 .glue_7t       0x000000000000a5d8        0x0 linker stubs
 *(SORT(.gnu.linkonce.t.*))
 *(SORT(.vfp11_veneer))
 .vfp11_veneer  0x000000000000a5d8        0x0 linker stubs
                [!provide]                        PROVIDE (__gnu_mcount_nc, __utee_mcount)
                0x000000000000a5d8                __text_end = .

.v4_bx          0x000000000000a5d8        0x0
 .v4_bx         0x000000000000a5d8        0x0 linker stubs

.iplt           0x000000000000a5d8        0x0
 .iplt          0x000000000000a5d8        0x0 ./jimmy_test_ta.o

.eh_frame
 *(SORT(.eh_frame))

.rodata         0x000000000000a5d8     0x176c
 *(SORT(.gnu.linkonce.r.*))
 *(SORT(.rodata) SORT(.rodata.*))
 .rodata.jimmy_test_ta.c
                0x000000000000a5d8       0xf6 ./jimmy_test_ta.o
 *fill*         0x000000000000a6ce        0x2 
 .rodata.user_ta_header.c
                0x000000000000a6d0      0x110 ./user_ta_header.o
                0x000000000000a6d0                trace_ext_prefix
                0x000000000000a6d8                ta_heap_size
                0x000000000000a7dc                ta_num_props
 .rodata.lib/libutee/tee_api_arith.c
                0x000000000000a7e0       0x5f /home/dji/optee_os/out/arm/export-ta_arm32/lib/libutee.a(tee_api_arith.o)
 *fill*         0x000000000000a83f        0x1 
 .rodata.lib/libutee/tee_api.c
                0x000000000000a840        0x4 /home/dji/optee_os/out/arm/export-ta_arm32/lib/libutee.a(tee_api.o)
 .rodata.lib/libutee/tee_user_mem.c
                0x000000000000a844      0x184 /home/dji/optee_os/out/arm/export-ta_arm32/lib/libutee.a(tee_user_mem.o)
 .rodata.lib/libutee/trace_ext.c
                0x000000000000a9c8        0x2 /home/dji/optee_os/out/arm/export-ta_arm32/lib/libutee.a(trace_ext.o)
 *fill*         0x000000000000a9ca        0x2 
 .rodata.lib/libutee/assert.c
                0x000000000000a9cc       0x27 /home/dji/optee_os/out/arm/export-ta_arm32/lib/libutee.a(assert.o)
 *fill*         0x000000000000a9f3        0x1 
 .rodata.lib/libutils/isoc/bget_malloc.c
                0x000000000000a9f4      0x4a4 /home/dji/optee_os/out/arm/export-ta_arm32/lib/libutils.a(bget_malloc.o)
 .rodata.lib/libutils/ext/snprintk.c
                0x000000000000ae98       0x7d /home/dji/optee_os/out/arm/export-ta_arm32/lib/libutils.a(snprintk.o)
 *fill*         0x000000000000af15        0x3 
 .rodata.lib/libutils/ext/trace.c
                0x000000000000af18       0x55 /home/dji/optee_os/out/arm/export-ta_arm32/lib/libutils.a(trace.o)
 *fill*         0x000000000000af6d        0x3 
 .rodata.lib/libmpa/mpa_misc.c
                0x000000000000af70       0x28 /home/dji/optee_os/out/arm/export-ta_arm32/lib/libmpa.a(mpa_misc.o)
                0x000000000000af70                const_largest_deci_base
                0x000000000000af7c                Const_1_LShift_Base
                0x000000000000af8c                const_one
 .rodata.lib/libmpa/mpa_primetest.c
                0x000000000000af98      0xd30 /home/dji/optee_os/out/arm/export-ta_arm32/lib/libmpa.a(mpa_primetest.o)
                0x000000000000af98                MAX_TABULATED_PRIME
                0x000000000000af9c                NR_STORED_PRIMES
                0x000000000000afa0                PRIME_TABLE
 .rodata.lib/libmpa/mpa_io.c
                0x000000000000bcc8       0x7c /home/dji/optee_os/out/arm/export-ta_arm32/lib/libmpa.a(mpa_io.o)

.ARM.extab      0x000000000000bd44      0xafc
 .ARM.extab     0x000000000000bd44       0x3c ./jimmy_test_ta.o
 .ARM.extab     0x000000000000bd80        0x0 ./user_ta_header.o
 .ARM.extab     0x000000000000bd80       0x54 /home/dji/optee_os/out/arm/export-ta_arm32/lib/libutee.a(user_ta_entry.o)
 .ARM.extab     0x000000000000bdd4        0xc /home/dji/optee_os/out/arm/export-ta_arm32/lib/libutee.a(utee_syscalls_a32.o)
 .ARM.extab     0x000000000000bde0      0x198 /home/dji/optee_os/out/arm/export-ta_arm32/lib/libutee.a(tee_api_arith.o)
 .ARM.extab     0x000000000000bf78      0x120 /home/dji/optee_os/out/arm/export-ta_arm32/lib/libutee.a(tee_api.o)
 .ARM.extab     0x000000000000c098        0xc /home/dji/optee_os/out/arm/export-ta_arm32/lib/libutee.a(tee_api_panic.o)
 .ARM.extab     0x000000000000c0a4       0x3c /home/dji/optee_os/out/arm/export-ta_arm32/lib/libutee.a(utee_misc.o)
 .ARM.extab     0x000000000000c0e0       0xb4 /home/dji/optee_os/out/arm/export-ta_arm32/lib/libutee.a(tee_user_mem.o)
 .ARM.extab     0x000000000000c194       0x34 /home/dji/optee_os/out/arm/export-ta_arm32/lib/libutee.a(trace_ext.o)
 .ARM.extab     0x000000000000c1c8        0xc /home/dji/optee_os/out/arm/export-ta_arm32/lib/libutee.a(assert.o)
 .ARM.extab     0x000000000000c1d4      0x1a4 /home/dji/optee_os/out/arm/export-ta_arm32/lib/libutils.a(bget_malloc.o)
 .ARM.extab     0x000000000000c378       0x18 /home/dji/optee_os/out/arm/export-ta_arm32/lib/libutils.a(snprintf.o)
 .ARM.extab     0x000000000000c390        0xc /home/dji/optee_os/out/arm/export-ta_arm32/lib/libutils.a(memcmp.o)
 .ARM.extab     0x000000000000c39c        0xc /home/dji/optee_os/out/arm/export-ta_arm32/lib/libutils.a(memcpy.o)
 .ARM.extab     0x000000000000c3a8        0xc /home/dji/optee_os/out/arm/export-ta_arm32/lib/libutils.a(memmove.o)
 .ARM.extab     0x000000000000c3b4        0xc /home/dji/optee_os/out/arm/export-ta_arm32/lib/libutils.a(memset.o)
 .ARM.extab     0x000000000000c3c0        0xc /home/dji/optee_os/out/arm/export-ta_arm32/lib/libutils.a(strlen.o)
 .ARM.extab     0x000000000000c3cc       0x24 /home/dji/optee_os/out/arm/export-ta_arm32/lib/libutils.a(snprintk.o)
 .ARM.extab     0x000000000000c3f0       0x30 /home/dji/optee_os/out/arm/export-ta_arm32/lib/libutils.a(trace.o)
 .ARM.extab     0x000000000000c420        0x0 /home/dji/optee_os/out/arm/export-ta_arm32/lib/libutils.a(aeabi_unwind.o)
 .ARM.extab     0x000000000000c420        0xc /home/dji/optee_os/out/arm/export-ta_arm32/lib/libutils.a(memchr.o)
 .ARM.extab     0x000000000000c42c       0x30 /home/dji/optee_os/out/arm/export-ta_arm32/lib/libutils.a(arm32_aeabi_ldivmod.o)
 .ARM.extab     0x000000000000c45c       0x60 /home/dji/optee_os/out/arm/export-ta_arm32/lib/libmpa.a(mpa_misc.o)
 .ARM.extab     0x000000000000c4bc       0x24 /home/dji/optee_os/out/arm/export-ta_arm32/lib/libmpa.a(mpa_montgomery.o)
 .ARM.extab     0x000000000000c4e0       0x30 /home/dji/optee_os/out/arm/export-ta_arm32/lib/libmpa.a(mpa_primetest.o)
 .ARM.extab     0x000000000000c510       0x30 /home/dji/optee_os/out/arm/export-ta_arm32/lib/libmpa.a(mpa_conv.o)
 .ARM.extab     0x000000000000c540       0x48 /home/dji/optee_os/out/arm/export-ta_arm32/lib/libmpa.a(mpa_div.o)
 .ARM.extab     0x000000000000c588       0x3c /home/dji/optee_os/out/arm/export-ta_arm32/lib/libmpa.a(mpa_gcd.o)
 .ARM.extab     0x000000000000c5c4       0x3c /home/dji/optee_os/out/arm/export-ta_arm32/lib/libmpa.a(mpa_mem_static.o)
 .ARM.extab     0x000000000000c600       0x30 /home/dji/optee_os/out/arm/export-ta_arm32/lib/libmpa.a(mpa_mul.o)
 .ARM.extab     0x000000000000c630       0x30 /home/dji/optee_os/out/arm/export-ta_arm32/lib/libmpa.a(mpa_random.o)
 .ARM.extab     0x000000000000c660       0x30 /home/dji/optee_os/out/arm/export-ta_arm32/lib/libmpa.a(mpa_shift.o)
 .ARM.extab     0x000000000000c690       0x60 /home/dji/optee_os/out/arm/export-ta_arm32/lib/libmpa.a(mpa_addsub.o)
 .ARM.extab     0x000000000000c6f0       0x3c /home/dji/optee_os/out/arm/export-ta_arm32/lib/libmpa.a(mpa_cmp.o)
 .ARM.extab     0x000000000000c72c        0xc /home/dji/optee_os/out/arm/export-ta_arm32/lib/libmpa.a(mpa_expmod.o)
 .ARM.extab     0x000000000000c738       0x18 /home/dji/optee_os/out/arm/export-ta_arm32/lib/libmpa.a(mpa_init.o)
 .ARM.extab     0x000000000000c750       0xb4 /home/dji/optee_os/out/arm/export-ta_arm32/lib/libmpa.a(mpa_io.o)
 .ARM.extab     0x000000000000c804       0x3c /home/dji/optee_os/out/arm/export-ta_arm32/lib/libmpa.a(mpa_modulus.o)

.gnu.version_d  0x000000000000c840        0x0
 .gnu.version_d
                0x000000000000c840        0x0 ./jimmy_test_ta.o

.gnu.version    0x000000000000c840        0x0
 .gnu.version   0x000000000000c840        0x0 ./jimmy_test_ta.o

.gnu.version_r  0x000000000000c840        0x0
 .gnu.version_r
                0x000000000000c840        0x0 ./jimmy_test_ta.o

.ARM.extab.text.__aeabi_ldivmod
                0x000000000000c840        0xc
 .ARM.extab.text.__aeabi_ldivmod
                0x000000000000c840        0xc /home/dji/optee_os/out/arm/export-ta_arm32/lib/libutils.a(arm32_aeabi_ldivmod_a32.o)

.ARM.extab.text.__aeabi_uldivmod
                0x000000000000c84c        0xc
 .ARM.extab.text.__aeabi_uldivmod
                0x000000000000c84c        0xc /home/dji/optee_os/out/arm/export-ta_arm32/lib/libutils.a(arm32_aeabi_ldivmod_a32.o)

.ARM.exidx      0x000000000000c858      0x830
 *(SORT(.ARM.exidx*) SORT(.gnu.linkonce.armexidx.*))
 .ARM.exidx     0x000000000000c858       0x30 ./jimmy_test_ta.o
                                         0x38 (size before relaxing)
 .ARM.exidx     0x000000000000ce48        0x8 ./user_ta_header.o
 .ARM.exidx     0x000000000000c888       0x48 /home/dji/optee_os/out/arm/export-ta_arm32/lib/libutee.a(user_ta_entry.o)
                                         0x50 (size before relaxing)
 .ARM.exidx     0x000000000000c8d0       0x18 /home/dji/optee_os/out/arm/export-ta_arm32/lib/libutee.a(utee_syscalls_a32.o)
                                        0x240 (size before relaxing)
 .ARM.exidx     0x000000000000c8e8      0x110 /home/dji/optee_os/out/arm/export-ta_arm32/lib/libutee.a(tee_api_arith.o)
 .ARM.exidx     0x000000000000c9f8       0xc8 /home/dji/optee_os/out/arm/export-ta_arm32/lib/libutee.a(tee_api.o)
 .ARM.exidx     0x000000000000ce50        0x8 /home/dji/optee_os/out/arm/export-ta_arm32/lib/libutee.a(tee_api_panic.o)
 .ARM.exidx     0x000000000000ce58       0x30 /home/dji/optee_os/out/arm/export-ta_arm32/lib/libutee.a(utee_misc.o)
 .ARM.exidx     0x000000000000cac0       0x88 /home/dji/optee_os/out/arm/export-ta_arm32/lib/libutee.a(tee_user_mem.o)
 .ARM.exidx     0x000000000000cb48       0x28 /home/dji/optee_os/out/arm/export-ta_arm32/lib/libutee.a(trace_ext.o)
 .ARM.exidx     0x000000000000cb70       0x10 /home/dji/optee_os/out/arm/export-ta_arm32/lib/libutee.a(assert.o)
 .ARM.exidx     0x000000000000cb80      0x128 /home/dji/optee_os/out/arm/export-ta_arm32/lib/libutils.a(bget_malloc.o)
 .ARM.exidx     0x000000000000ce88       0x10 /home/dji/optee_os/out/arm/export-ta_arm32/lib/libutils.a(snprintf.o)
 .ARM.exidx     0x000000000000ce98        0x8 /home/dji/optee_os/out/arm/export-ta_arm32/lib/libutils.a(memcmp.o)
 .ARM.exidx     0x000000000000cea0        0x8 /home/dji/optee_os/out/arm/export-ta_arm32/lib/libutils.a(memcpy.o)
 .ARM.exidx     0x000000000000cea8        0x8 /home/dji/optee_os/out/arm/export-ta_arm32/lib/libutils.a(memmove.o)
 .ARM.exidx     0x000000000000ceb0        0x8 /home/dji/optee_os/out/arm/export-ta_arm32/lib/libutils.a(memset.o)
 .ARM.exidx     0x000000000000ceb8        0x8 /home/dji/optee_os/out/arm/export-ta_arm32/lib/libutils.a(strlen.o)
 .ARM.exidx     0x000000000000cca8       0x28 /home/dji/optee_os/out/arm/export-ta_arm32/lib/libutils.a(snprintk.o)
 .ARM.exidx     0x000000000000ccd0       0x28 /home/dji/optee_os/out/arm/export-ta_arm32/lib/libutils.a(trace.o)
 .ARM.exidx     0x000000000000cec0        0x8 /home/dji/optee_os/out/arm/export-ta_arm32/lib/libutils.a(aeabi_unwind.o)
                                         0x18 (size before relaxing)
 .ARM.exidx     0x000000000000cec8        0x8 /home/dji/optee_os/out/arm/export-ta_arm32/lib/libutils.a(memchr.o)
 .ARM.exidx.text.__aeabi_ldivmod
                0x000000000000ccf8        0x8 /home/dji/optee_os/out/arm/export-ta_arm32/lib/libutils.a(arm32_aeabi_ldivmod_a32.o)
 .ARM.exidx.text.__aeabi_uldivmod
                0x000000000000cd00        0x8 /home/dji/optee_os/out/arm/export-ta_arm32/lib/libutils.a(arm32_aeabi_ldivmod_a32.o)
 .ARM.exidx     0x000000000000ced0       0x20 /home/dji/optee_os/out/arm/export-ta_arm32/lib/libutils.a(arm32_aeabi_ldivmod.o)
 .ARM.exidx     0x000000000000cd08       0x48 /home/dji/optee_os/out/arm/export-ta_arm32/lib/libmpa.a(mpa_misc.o)
 .ARM.exidx     0x000000000000cd50       0x28 /home/dji/optee_os/out/arm/export-ta_arm32/lib/libmpa.a(mpa_montgomery.o)
 .ARM.exidx     0x000000000000cd78       0x28 /home/dji/optee_os/out/arm/export-ta_arm32/lib/libmpa.a(mpa_primetest.o)
 .ARM.exidx     0x000000000000cef0       0x20 /home/dji/optee_os/out/arm/export-ta_arm32/lib/libmpa.a(mpa_conv.o)
 .ARM.exidx     0x000000000000cf10       0x30 /home/dji/optee_os/out/arm/export-ta_arm32/lib/libmpa.a(mpa_div.o)
 .ARM.exidx     0x000000000000cf40       0x28 /home/dji/optee_os/out/arm/export-ta_arm32/lib/libmpa.a(mpa_gcd.o)
 .ARM.exidx     0x000000000000cf68       0x28 /home/dji/optee_os/out/arm/export-ta_arm32/lib/libmpa.a(mpa_mem_static.o)
 .ARM.exidx     0x000000000000cf90       0x28 /home/dji/optee_os/out/arm/export-ta_arm32/lib/libmpa.a(mpa_mul.o)
                                         0x30 (size before relaxing)
 .ARM.exidx     0x000000000000cda0       0x20 /home/dji/optee_os/out/arm/export-ta_arm32/lib/libmpa.a(mpa_random.o)
 .ARM.exidx     0x000000000000cfb8       0x20 /home/dji/optee_os/out/arm/export-ta_arm32/lib/libmpa.a(mpa_shift.o)
 .ARM.exidx     0x000000000000cfd8       0x48 /home/dji/optee_os/out/arm/export-ta_arm32/lib/libmpa.a(mpa_addsub.o)
                                         0x58 (size before relaxing)
 .ARM.exidx     0x000000000000d020       0x28 /home/dji/optee_os/out/arm/export-ta_arm32/lib/libmpa.a(mpa_cmp.o)
 .ARM.exidx     0x000000000000cdc0        0x8 /home/dji/optee_os/out/arm/export-ta_arm32/lib/libmpa.a(mpa_expmod.o)
 .ARM.exidx     0x000000000000d048       0x10 /home/dji/optee_os/out/arm/export-ta_arm32/lib/libmpa.a(mpa_init.o)
 .ARM.exidx     0x000000000000cdc8       0x80 /home/dji/optee_os/out/arm/export-ta_arm32/lib/libmpa.a(mpa_io.o)
 .ARM.exidx     0x000000000000d058       0x30 /home/dji/optee_os/out/arm/export-ta_arm32/lib/libmpa.a(mpa_modulus.o)
                                         0x28 (size before relaxing)

.ctors
 *(SORT(.ctors))

.dtors
 *(SORT(.dtors))

.plt            0x000000000000d088        0x0
 *(SORT(.plt))
 .plt           0x000000000000d088        0x0 ./jimmy_test_ta.o

.got            0x000000000000d088       0x28
 *(SORT(.got.plt))
 .got.plt       0x000000000000d088        0xc ./jimmy_test_ta.o
                0x000000000000d088                _GLOBAL_OFFSET_TABLE_
 *(SORT(.got))
 .got           0x000000000000d094       0x1c ./jimmy_test_ta.o

.rel.text       0x000000000000d0b0        0x0
 *(SORT(.rel.text))
 .rel.text      0x000000000000d0b0        0x0 ./jimmy_test_ta.o
 *(SORT(.rel.gnu.linkonce.t*))

.rela.text
 *(SORT(.rela.text))
 *(SORT(.rela.gnu.linkonce.t*))

.rel.data
 *(SORT(.rel.data))
 *(SORT(.rel.gnu.linkonce.d*))

.rela.data
 *(SORT(.rela.data))
 *(SORT(.rela.gnu.linkonce.d*))

.rel.rodata
 *(SORT(.rel.rodata))
 *(SORT(.rel.gnu.linkonce.r*))

.rela.rodata
 *(SORT(.rela.rodata))
 *(SORT(.rela.gnu.linkonce.r*))

.rel.dyn        0x000000000000d0b0       0xc8
 *(SORT(.rel.dyn))
 .rel.iplt      0x000000000000d0b0        0x0 ./jimmy_test_ta.o
 .rel.ta_head   0x000000000000d0b0        0x8 ./jimmy_test_ta.o
 .rel.data.rel.ro.local
                0x000000000000d0b8       0x90 ./jimmy_test_ta.o
 .rel.data.rel  0x000000000000d148        0x8 ./jimmy_test_ta.o
 .rel.data.rel.local
                0x000000000000d150       0x28 ./jimmy_test_ta.o

.rel.got        0x000000000000d178       0x38
 *(SORT(.rel.got))
 .rel.got       0x000000000000d178       0x38 ./jimmy_test_ta.o

.rela.got
 *(SORT(.rela.got))

.rel.ctors
 *(SORT(.rel.ctors))

.rela.ctors
 *(SORT(.rela.ctors))

.rel.dtors
 *(SORT(.rel.dtors))

.rela.dtors
 *(SORT(.rela.dtors))

.rel.init
 *(SORT(.rel.init))

.rela.init
 *(SORT(.rela.init))

.rel.fini
 *(SORT(.rel.fini))

.rela.fini
 *(SORT(.rela.fini))

.rel.bss
 *(SORT(.rel.bss))

.rela.bss
 *(SORT(.rela.bss))

.rel.plt        0x000000000000d1b0        0x0
 *(SORT(.rel.plt))
 .rel.plt       0x000000000000d1b0        0x0 ./jimmy_test_ta.o

.rela.plt
 *(SORT(.rela.plt))

.dynamic        0x000000000000d1b0       0x80
 *(SORT(.dynamic))
 .dynamic       0x000000000000d1b0       0x80 ./jimmy_test_ta.o
                0x000000000000d1b0                _DYNAMIC

.dynsym         0x000000000000d230       0xa0
 *(SORT(.dynsym))
 .dynsym        0x000000000000d230       0xa0 ./jimmy_test_ta.o

.dynstr         0x000000000000d2d0       0x5f
 *(SORT(.dynstr))
 .dynstr        0x000000000000d2d0       0x5f ./jimmy_test_ta.o

.hash           0x000000000000d330       0x3c
 *(SORT(.hash))
 .hash          0x000000000000d330       0x3c ./jimmy_test_ta.o
                0x000000000000e000                . = ALIGN (0x1000)

.data           0x000000000000e000       0x9c
 *(SORT(.data) SORT(.data.*) SORT(.gnu.linkonce.d.*))
 .data          0x000000000000e000        0x4 ./user_ta_header.o
                0x000000000000e000                trace_level
 .data.rel.ro.local
                0x000000000000e004       0x6c ./user_ta_header.o
                0x000000000000e004                ta_props
 .data.rel      0x000000000000e070        0x4 /home/dji/optee_os/out/arm/export-ta_arm32/lib/libutee.a(user_ta_entry.o)
                0x000000000000e070                _ref__utee_mcount
 .data.rel.local
                0x000000000000e074        0x8 /home/dji/optee_os/out/arm/export-ta_arm32/lib/libutee.a(user_ta_entry.o)
 .data.rel.local
                0x000000000000e07c        0x4 /home/dji/optee_os/out/arm/export-ta_arm32/lib/libutee.a(tee_api_arith.o)
 .data          0x000000000000e080        0x4 /home/dji/optee_os/out/arm/export-ta_arm32/lib/libutee.a(tee_user_mem.o)
 .data.rel.local
                0x000000000000e084        0x8 /home/dji/optee_os/out/arm/export-ta_arm32/lib/libutee.a(tee_user_mem.o)
                0x000000000000e084                user_mem_head
 .data.rel.local
                0x000000000000e08c       0x10 /home/dji/optee_os/out/arm/export-ta_arm32/lib/libutils.a(bget_malloc.o)
 .data          0x000000000000e09c        0x0 ./jimmy_test_ta.o
 .data          0x000000000000e09c        0x0 /home/dji/optee_os/out/arm/export-ta_arm32/lib/libutee.a(user_ta_entry.o)
 .data          0x000000000000e09c        0x0 /home/dji/optee_os/out/arm/export-ta_arm32/lib/libutee.a(utee_syscalls_a32.o)
 .data          0x000000000000e09c        0x0 /home/dji/optee_os/out/arm/export-ta_arm32/lib/libutee.a(gprof_a32.o)
 .data          0x000000000000e09c        0x0 /home/dji/optee_os/out/arm/export-ta_arm32/lib/libutee.a(tee_api_arith.o)
 .data          0x000000000000e09c        0x0 /home/dji/optee_os/out/arm/export-ta_arm32/lib/libutee.a(tee_api.o)
 .data          0x000000000000e09c        0x0 /home/dji/optee_os/out/arm/export-ta_arm32/lib/libutee.a(tee_api_panic.o)
 .data          0x000000000000e09c        0x0 /home/dji/optee_os/out/arm/export-ta_arm32/lib/libutee.a(utee_misc.o)
 .data          0x000000000000e09c        0x0 /home/dji/optee_os/out/arm/export-ta_arm32/lib/libutee.a(trace_ext.o)
 .data          0x000000000000e09c        0x0 /home/dji/optee_os/out/arm/export-ta_arm32/lib/libutee.a(assert.o)
 .data          0x000000000000e09c        0x0 /home/dji/optee_os/out/arm/export-ta_arm32/lib/libutils.a(bget_malloc.o)
 .data          0x000000000000e09c        0x0 /home/dji/optee_os/out/arm/export-ta_arm32/lib/libutils.a(snprintf.o)
 .data          0x000000000000e09c        0x0 /home/dji/optee_os/out/arm/export-ta_arm32/lib/libutils.a(memcmp.o)
 .data          0x000000000000e09c        0x0 /home/dji/optee_os/out/arm/export-ta_arm32/lib/libutils.a(memcpy.o)
 .data          0x000000000000e09c        0x0 /home/dji/optee_os/out/arm/export-ta_arm32/lib/libutils.a(memmove.o)
 .data          0x000000000000e09c        0x0 /home/dji/optee_os/out/arm/export-ta_arm32/lib/libutils.a(memset.o)
 .data          0x000000000000e09c        0x0 /home/dji/optee_os/out/arm/export-ta_arm32/lib/libutils.a(strlen.o)
 .data          0x000000000000e09c        0x0 /home/dji/optee_os/out/arm/export-ta_arm32/lib/libutils.a(snprintk.o)
 .data          0x000000000000e09c        0x0 /home/dji/optee_os/out/arm/export-ta_arm32/lib/libutils.a(trace.o)
 .data          0x000000000000e09c        0x0 /home/dji/optee_os/out/arm/export-ta_arm32/lib/libutils.a(aeabi_unwind.o)
 .data          0x000000000000e09c        0x0 /home/dji/optee_os/out/arm/export-ta_arm32/lib/libutils.a(memchr.o)
 .data          0x000000000000e09c        0x0 /home/dji/optee_os/out/arm/export-ta_arm32/lib/libutils.a(arm32_aeabi_ldivmod_a32.o)
 .data          0x000000000000e09c        0x0 /home/dji/optee_os/out/arm/export-ta_arm32/lib/libutils.a(arm32_aeabi_ldivmod.o)
 .data          0x000000000000e09c        0x0 /home/dji/optee_os/out/arm/export-ta_arm32/lib/libmpa.a(mpa_misc.o)
 .data          0x000000000000e09c        0x0 /home/dji/optee_os/out/arm/export-ta_arm32/lib/libmpa.a(mpa_montgomery.o)
 .data          0x000000000000e09c        0x0 /home/dji/optee_os/out/arm/export-ta_arm32/lib/libmpa.a(mpa_primetest.o)
 .data          0x000000000000e09c        0x0 /home/dji/optee_os/out/arm/export-ta_arm32/lib/libmpa.a(mpa_conv.o)
 .data          0x000000000000e09c        0x0 /home/dji/optee_os/out/arm/export-ta_arm32/lib/libmpa.a(mpa_div.o)
 .data          0x000000000000e09c        0x0 /home/dji/optee_os/out/arm/export-ta_arm32/lib/libmpa.a(mpa_gcd.o)
 .data          0x000000000000e09c        0x0 /home/dji/optee_os/out/arm/export-ta_arm32/lib/libmpa.a(mpa_mem_static.o)
 .data          0x000000000000e09c        0x0 /home/dji/optee_os/out/arm/export-ta_arm32/lib/libmpa.a(mpa_mul.o)
 .data          0x000000000000e09c        0x0 /home/dji/optee_os/out/arm/export-ta_arm32/lib/libmpa.a(mpa_random.o)
 .data          0x000000000000e09c        0x0 /home/dji/optee_os/out/arm/export-ta_arm32/lib/libmpa.a(mpa_shift.o)
 .data          0x000000000000e09c        0x0 /home/dji/optee_os/out/arm/export-ta_arm32/lib/libmpa.a(mpa_addsub.o)
 .data          0x000000000000e09c        0x0 /home/dji/optee_os/out/arm/export-ta_arm32/lib/libmpa.a(mpa_cmp.o)
 .data          0x000000000000e09c        0x0 /home/dji/optee_os/out/arm/export-ta_arm32/lib/libmpa.a(mpa_expmod.o)
 .data          0x000000000000e09c        0x0 /home/dji/optee_os/out/arm/export-ta_arm32/lib/libmpa.a(mpa_init.o)
 .data          0x000000000000e09c        0x0 /home/dji/optee_os/out/arm/export-ta_arm32/lib/libmpa.a(mpa_io.o)
 .data          0x000000000000e09c        0x0 /home/dji/optee_os/out/arm/export-ta_arm32/lib/libmpa.a(mpa_modulus.o)

.igot.plt       0x000000000000e09c        0x0
 .igot.plt      0x000000000000e09c        0x0 ./jimmy_test_ta.o

.bss            0x000000000000e09c     0xab94
 *(SORT(.bss) SORT(.bss.*) SORT(.gnu.linkonce.b.*) SORT(COMMON))
 .bss           0x000000000000e09c     0x8000 ./user_ta_header.o
                0x000000000000e09c                ta_heap
 .bss           0x000000000001609c       0x29 /home/dji/optee_os/out/arm/export-ta_arm32/lib/libutee.a(user_ta_entry.o)
                0x000000000001609c                ta_param_types
                0x00000000000160a0                ta_params
 *fill*         0x00000000000160c5        0x3 
 .bss           0x00000000000160c8     0x1b00 /home/dji/optee_os/out/arm/export-ta_arm32/lib/libutee.a(tee_api_arith.o)
 .bss           0x0000000000017bc8        0x4 /home/dji/optee_os/out/arm/export-ta_arm32/lib/libutee.a(tee_api.o)
 .bss           0x0000000000017bcc        0xc /home/dji/optee_os/out/arm/export-ta_arm32/lib/libutee.a(tee_user_mem.o)
 .bss           0x0000000000017bd8       0x4c /home/dji/optee_os/out/arm/export-ta_arm32/lib/libutils.a(bget_malloc.o)
 .bss           0x0000000000017c24        0x4 /home/dji/optee_os/out/arm/export-ta_arm32/lib/libmpa.a(mpa_random.o)
 .bss           0x0000000000017c28     0x1002 /home/dji/optee_os/out/arm/export-ta_arm32/lib/libmpa.a(mpa_io.o)
 .bss           0x0000000000018c2a        0x0 ./jimmy_test_ta.o
 .bss           0x0000000000018c2a        0x0 /home/dji/optee_os/out/arm/export-ta_arm32/lib/libutee.a(utee_syscalls_a32.o)
 .bss           0x0000000000018c2a        0x0 /home/dji/optee_os/out/arm/export-ta_arm32/lib/libutee.a(gprof_a32.o)
 .bss           0x0000000000018c2a        0x0 /home/dji/optee_os/out/arm/export-ta_arm32/lib/libutee.a(tee_api_panic.o)
 .bss           0x0000000000018c2a        0x0 /home/dji/optee_os/out/arm/export-ta_arm32/lib/libutee.a(utee_misc.o)
 .bss           0x0000000000018c2a        0x0 /home/dji/optee_os/out/arm/export-ta_arm32/lib/libutee.a(trace_ext.o)
 .bss           0x0000000000018c2a        0x0 /home/dji/optee_os/out/arm/export-ta_arm32/lib/libutee.a(assert.o)
 .bss           0x0000000000018c2a        0x0 /home/dji/optee_os/out/arm/export-ta_arm32/lib/libutils.a(snprintf.o)
 .bss           0x0000000000018c2a        0x0 /home/dji/optee_os/out/arm/export-ta_arm32/lib/libutils.a(memcmp.o)
 .bss           0x0000000000018c2a        0x0 /home/dji/optee_os/out/arm/export-ta_arm32/lib/libutils.a(memcpy.o)
 .bss           0x0000000000018c2a        0x0 /home/dji/optee_os/out/arm/export-ta_arm32/lib/libutils.a(memmove.o)
 .bss           0x0000000000018c2a        0x0 /home/dji/optee_os/out/arm/export-ta_arm32/lib/libutils.a(memset.o)
 .bss           0x0000000000018c2a        0x0 /home/dji/optee_os/out/arm/export-ta_arm32/lib/libutils.a(strlen.o)
 .bss           0x0000000000018c2a        0x0 /home/dji/optee_os/out/arm/export-ta_arm32/lib/libutils.a(snprintk.o)
 .bss           0x0000000000018c2a        0x0 /home/dji/optee_os/out/arm/export-ta_arm32/lib/libutils.a(trace.o)
 .bss           0x0000000000018c2a        0x0 /home/dji/optee_os/out/arm/export-ta_arm32/lib/libutils.a(aeabi_unwind.o)
 .bss           0x0000000000018c2a        0x0 /home/dji/optee_os/out/arm/export-ta_arm32/lib/libutils.a(memchr.o)
 .bss           0x0000000000018c2a        0x0 /home/dji/optee_os/out/arm/export-ta_arm32/lib/libutils.a(arm32_aeabi_ldivmod_a32.o)
 .bss           0x0000000000018c2a        0x0 /home/dji/optee_os/out/arm/export-ta_arm32/lib/libutils.a(arm32_aeabi_ldivmod.o)
 .bss           0x0000000000018c2a        0x0 /home/dji/optee_os/out/arm/export-ta_arm32/lib/libmpa.a(mpa_misc.o)
 .bss           0x0000000000018c2a        0x0 /home/dji/optee_os/out/arm/export-ta_arm32/lib/libmpa.a(mpa_montgomery.o)
 .bss           0x0000000000018c2a        0x0 /home/dji/optee_os/out/arm/export-ta_arm32/lib/libmpa.a(mpa_primetest.o)
 .bss           0x0000000000018c2a        0x0 /home/dji/optee_os/out/arm/export-ta_arm32/lib/libmpa.a(mpa_conv.o)
 .bss           0x0000000000018c2a        0x0 /home/dji/optee_os/out/arm/export-ta_arm32/lib/libmpa.a(mpa_div.o)
 .bss           0x0000000000018c2a        0x0 /home/dji/optee_os/out/arm/export-ta_arm32/lib/libmpa.a(mpa_gcd.o)
 .bss           0x0000000000018c2a        0x0 /home/dji/optee_os/out/arm/export-ta_arm32/lib/libmpa.a(mpa_mem_static.o)
 .bss           0x0000000000018c2a        0x0 /home/dji/optee_os/out/arm/export-ta_arm32/lib/libmpa.a(mpa_mul.o)
 .bss           0x0000000000018c2a        0x0 /home/dji/optee_os/out/arm/export-ta_arm32/lib/libmpa.a(mpa_shift.o)
 .bss           0x0000000000018c2a        0x0 /home/dji/optee_os/out/arm/export-ta_arm32/lib/libmpa.a(mpa_addsub.o)
 .bss           0x0000000000018c2a        0x0 /home/dji/optee_os/out/arm/export-ta_arm32/lib/libmpa.a(mpa_cmp.o)
 .bss           0x0000000000018c2a        0x0 /home/dji/optee_os/out/arm/export-ta_arm32/lib/libmpa.a(mpa_expmod.o)
 .bss           0x0000000000018c2a        0x0 /home/dji/optee_os/out/arm/export-ta_arm32/lib/libmpa.a(mpa_init.o)
 .bss           0x0000000000018c2a        0x0 /home/dji/optee_os/out/arm/export-ta_arm32/lib/libmpa.a(mpa_modulus.o)
                0x0000000000018c30                . = ALIGN (0x8)
 *fill*         0x0000000000018c2a        0x6 
                0x0000000000018c30                __gprof_buf_start = .
                0x0000000000018c30                . = (. + DEFINED (__gnu_mcount_nc)?(((__text_end - __text_start) * 0x88) / 0x64):0x0)
                0x0000000000018c30                __gprof_buf_end = .

.dynbss         0x0000000000018c30        0x0
 .dynbss        0x0000000000018c30        0x0 ./jimmy_test_ta.o

/DISCARD/
 *(SORT(.interp))
LOAD ./jimmy_test_ta.o
LOAD ./user_ta_header.o
START GROUP
LOAD /home/dji/optee_os/out/arm/export-ta_arm32/lib/libmpa.a
LOAD /home/dji/optee_os/out/arm/export-ta_arm32/lib/libutee.a
LOAD /home/dji/optee_os/out/arm/export-ta_arm32/lib/libutils.a
END GROUP
OUTPUT(8baaf200-2450-11e4-abe2-0002a5d5c51b.elf elf32-littlearm)

.debug_info     0x0000000000000000     0x9926
 .debug_info    0x0000000000000000      0x37f ./jimmy_test_ta.o
 .debug_info    0x000000000000037f      0x383 ./user_ta_header.o
 .debug_info    0x0000000000000702      0x61a /home/dji/optee_os/out/arm/export-ta_arm32/lib/libutee.a(user_ta_entry.o)
 .debug_info    0x0000000000000d1c       0x64 /home/dji/optee_os/out/arm/export-ta_arm32/lib/libutee.a(utee_syscalls_a32.o)
 .debug_info    0x0000000000000d80       0x62 /home/dji/optee_os/out/arm/export-ta_arm32/lib/libutee.a(gprof_a32.o)
 .debug_info    0x0000000000000de2      0xff1 /home/dji/optee_os/out/arm/export-ta_arm32/lib/libutee.a(tee_api_arith.o)
 .debug_info    0x0000000000001dd3      0xa5c /home/dji/optee_os/out/arm/export-ta_arm32/lib/libutee.a(tee_api.o)
 .debug_info    0x000000000000282f       0xe6 /home/dji/optee_os/out/arm/export-ta_arm32/lib/libutee.a(tee_api_panic.o)
 .debug_info    0x0000000000002915      0x1e0 /home/dji/optee_os/out/arm/export-ta_arm32/lib/libutee.a(utee_misc.o)
 .debug_info    0x0000000000002af5      0x6b1 /home/dji/optee_os/out/arm/export-ta_arm32/lib/libutee.a(tee_user_mem.o)
 .debug_info    0x00000000000031a6      0x1e8 /home/dji/optee_os/out/arm/export-ta_arm32/lib/libutee.a(trace_ext.o)
 .debug_info    0x000000000000338e      0x11a /home/dji/optee_os/out/arm/export-ta_arm32/lib/libutee.a(assert.o)
 .debug_info    0x00000000000034a8     0x1182 /home/dji/optee_os/out/arm/export-ta_arm32/lib/libutils.a(bget_malloc.o)
 .debug_info    0x000000000000462a      0x135 /home/dji/optee_os/out/arm/export-ta_arm32/lib/libutils.a(snprintf.o)
 .debug_info    0x000000000000475f       0xd8 /home/dji/optee_os/out/arm/export-ta_arm32/lib/libutils.a(memcmp.o)
 .debug_info    0x0000000000004837       0xf8 /home/dji/optee_os/out/arm/export-ta_arm32/lib/libutils.a(memcpy.o)
 .debug_info    0x000000000000492f       0xf8 /home/dji/optee_os/out/arm/export-ta_arm32/lib/libutils.a(memmove.o)
 .debug_info    0x0000000000004a27       0xdd /home/dji/optee_os/out/arm/export-ta_arm32/lib/libutils.a(memset.o)
 .debug_info    0x0000000000004b04       0xa6 /home/dji/optee_os/out/arm/export-ta_arm32/lib/libutils.a(strlen.o)
 .debug_info    0x0000000000004baa      0x4fe /home/dji/optee_os/out/arm/export-ta_arm32/lib/libutils.a(snprintk.o)
 .debug_info    0x00000000000050a8      0x2ad /home/dji/optee_os/out/arm/export-ta_arm32/lib/libutils.a(trace.o)
 .debug_info    0x0000000000005355       0x5d /home/dji/optee_os/out/arm/export-ta_arm32/lib/libutils.a(aeabi_unwind.o)
 .debug_info    0x00000000000053b2       0xef /home/dji/optee_os/out/arm/export-ta_arm32/lib/libutils.a(memchr.o)
 .debug_info    0x00000000000054a1       0x6c /home/dji/optee_os/out/arm/export-ta_arm32/lib/libutils.a(arm32_aeabi_ldivmod_a32.o)
 .debug_info    0x000000000000550d      0x1f8 /home/dji/optee_os/out/arm/export-ta_arm32/lib/libutils.a(arm32_aeabi_ldivmod.o)
 .debug_info    0x0000000000005705      0x31f /home/dji/optee_os/out/arm/export-ta_arm32/lib/libmpa.a(mpa_misc.o)
 .debug_info    0x0000000000005a24      0x4c1 /home/dji/optee_os/out/arm/export-ta_arm32/lib/libmpa.a(mpa_montgomery.o)
 .debug_info    0x0000000000005ee5      0x4d2 /home/dji/optee_os/out/arm/export-ta_arm32/lib/libmpa.a(mpa_primetest.o)
 .debug_info    0x00000000000063b7      0x204 /home/dji/optee_os/out/arm/export-ta_arm32/lib/libmpa.a(mpa_conv.o)
 .debug_info    0x00000000000065bb      0x5b0 /home/dji/optee_os/out/arm/export-ta_arm32/lib/libmpa.a(mpa_div.o)
 .debug_info    0x0000000000006b6b      0x4d5 /home/dji/optee_os/out/arm/export-ta_arm32/lib/libmpa.a(mpa_gcd.o)
 .debug_info    0x0000000000007040      0x447 /home/dji/optee_os/out/arm/export-ta_arm32/lib/libmpa.a(mpa_mem_static.o)
 .debug_info    0x0000000000007487      0x49c /home/dji/optee_os/out/arm/export-ta_arm32/lib/libmpa.a(mpa_mul.o)
 .debug_info    0x0000000000007923      0x2b4 /home/dji/optee_os/out/arm/export-ta_arm32/lib/libmpa.a(mpa_random.o)
 .debug_info    0x0000000000007bd7      0x2a4 /home/dji/optee_os/out/arm/export-ta_arm32/lib/libmpa.a(mpa_shift.o)
 .debug_info    0x0000000000007e7b      0x77c /home/dji/optee_os/out/arm/export-ta_arm32/lib/libmpa.a(mpa_addsub.o)
 .debug_info    0x00000000000085f7      0x2b1 /home/dji/optee_os/out/arm/export-ta_arm32/lib/libmpa.a(mpa_cmp.o)
 .debug_info    0x00000000000088a8      0x339 /home/dji/optee_os/out/arm/export-ta_arm32/lib/libmpa.a(mpa_expmod.o)
 .debug_info    0x0000000000008be1      0x209 /home/dji/optee_os/out/arm/export-ta_arm32/lib/libmpa.a(mpa_init.o)
 .debug_info    0x0000000000008dea      0x740 /home/dji/optee_os/out/arm/export-ta_arm32/lib/libmpa.a(mpa_io.o)
 .debug_info    0x000000000000952a      0x3fc /home/dji/optee_os/out/arm/export-ta_arm32/lib/libmpa.a(mpa_modulus.o)

.debug_abbrev   0x0000000000000000     0x2e15
 .debug_abbrev  0x0000000000000000      0x139 ./jimmy_test_ta.o
 .debug_abbrev  0x0000000000000139      0x13c ./user_ta_header.o
 .debug_abbrev  0x0000000000000275      0x1ce /home/dji/optee_os/out/arm/export-ta_arm32/lib/libutee.a(user_ta_entry.o)
 .debug_abbrev  0x0000000000000443       0x14 /home/dji/optee_os/out/arm/export-ta_arm32/lib/libutee.a(utee_syscalls_a32.o)
 .debug_abbrev  0x0000000000000457       0x14 /home/dji/optee_os/out/arm/export-ta_arm32/lib/libutee.a(gprof_a32.o)
 .debug_abbrev  0x000000000000046b      0x20c /home/dji/optee_os/out/arm/export-ta_arm32/lib/libutee.a(tee_api_arith.o)
 .debug_abbrev  0x0000000000000677      0x214 /home/dji/optee_os/out/arm/export-ta_arm32/lib/libutee.a(tee_api.o)
 .debug_abbrev  0x000000000000088b       0x87 /home/dji/optee_os/out/arm/export-ta_arm32/lib/libutee.a(tee_api_panic.o)
 .debug_abbrev  0x0000000000000912       0xd5 /home/dji/optee_os/out/arm/export-ta_arm32/lib/libutee.a(utee_misc.o)
 .debug_abbrev  0x00000000000009e7      0x26b /home/dji/optee_os/out/arm/export-ta_arm32/lib/libutee.a(tee_user_mem.o)
 .debug_abbrev  0x0000000000000c52      0x115 /home/dji/optee_os/out/arm/export-ta_arm32/lib/libutee.a(trace_ext.o)
 .debug_abbrev  0x0000000000000d67       0xa0 /home/dji/optee_os/out/arm/export-ta_arm32/lib/libutee.a(assert.o)
 .debug_abbrev  0x0000000000000e07      0x25b /home/dji/optee_os/out/arm/export-ta_arm32/lib/libutils.a(bget_malloc.o)
 .debug_abbrev  0x0000000000001062       0xe4 /home/dji/optee_os/out/arm/export-ta_arm32/lib/libutils.a(snprintf.o)
 .debug_abbrev  0x0000000000001146       0x82 /home/dji/optee_os/out/arm/export-ta_arm32/lib/libutils.a(memcmp.o)
 .debug_abbrev  0x00000000000011c8       0x9f /home/dji/optee_os/out/arm/export-ta_arm32/lib/libutils.a(memcpy.o)
 .debug_abbrev  0x0000000000001267       0x9f /home/dji/optee_os/out/arm/export-ta_arm32/lib/libutils.a(memmove.o)
 .debug_abbrev  0x0000000000001306       0x93 /home/dji/optee_os/out/arm/export-ta_arm32/lib/libutils.a(memset.o)
 .debug_abbrev  0x0000000000001399       0x84 /home/dji/optee_os/out/arm/export-ta_arm32/lib/libutils.a(strlen.o)
 .debug_abbrev  0x000000000000141d      0x185 /home/dji/optee_os/out/arm/export-ta_arm32/lib/libutils.a(snprintk.o)
 .debug_abbrev  0x00000000000015a2      0x15b /home/dji/optee_os/out/arm/export-ta_arm32/lib/libutils.a(trace.o)
 .debug_abbrev  0x00000000000016fd       0x2f /home/dji/optee_os/out/arm/export-ta_arm32/lib/libutils.a(aeabi_unwind.o)
 .debug_abbrev  0x000000000000172c       0xae /home/dji/optee_os/out/arm/export-ta_arm32/lib/libutils.a(memchr.o)
 .debug_abbrev  0x00000000000017da       0x12 /home/dji/optee_os/out/arm/export-ta_arm32/lib/libutils.a(arm32_aeabi_ldivmod_a32.o)
 .debug_abbrev  0x00000000000017ec       0xdc /home/dji/optee_os/out/arm/export-ta_arm32/lib/libutils.a(arm32_aeabi_ldivmod.o)
 .debug_abbrev  0x00000000000018c8      0x13a /home/dji/optee_os/out/arm/export-ta_arm32/lib/libmpa.a(mpa_misc.o)
 .debug_abbrev  0x0000000000001a02      0x1a1 /home/dji/optee_os/out/arm/export-ta_arm32/lib/libmpa.a(mpa_montgomery.o)
 .debug_abbrev  0x0000000000001ba3      0x178 /home/dji/optee_os/out/arm/export-ta_arm32/lib/libmpa.a(mpa_primetest.o)
 .debug_abbrev  0x0000000000001d1b      0x104 /home/dji/optee_os/out/arm/export-ta_arm32/lib/libmpa.a(mpa_conv.o)
 .debug_abbrev  0x0000000000001e1f      0x19c /home/dji/optee_os/out/arm/export-ta_arm32/lib/libmpa.a(mpa_div.o)
 .debug_abbrev  0x0000000000001fbb      0x17e /home/dji/optee_os/out/arm/export-ta_arm32/lib/libmpa.a(mpa_gcd.o)
 .debug_abbrev  0x0000000000002139      0x13e /home/dji/optee_os/out/arm/export-ta_arm32/lib/libmpa.a(mpa_mem_static.o)
 .debug_abbrev  0x0000000000002277      0x139 /home/dji/optee_os/out/arm/export-ta_arm32/lib/libmpa.a(mpa_mul.o)
 .debug_abbrev  0x00000000000023b0      0x167 /home/dji/optee_os/out/arm/export-ta_arm32/lib/libmpa.a(mpa_random.o)
 .debug_abbrev  0x0000000000002517      0x106 /home/dji/optee_os/out/arm/export-ta_arm32/lib/libmpa.a(mpa_shift.o)
 .debug_abbrev  0x000000000000261d      0x180 /home/dji/optee_os/out/arm/export-ta_arm32/lib/libmpa.a(mpa_addsub.o)
 .debug_abbrev  0x000000000000279d      0x108 /home/dji/optee_os/out/arm/export-ta_arm32/lib/libmpa.a(mpa_cmp.o)
 .debug_abbrev  0x00000000000028a5      0x11b /home/dji/optee_os/out/arm/export-ta_arm32/lib/libmpa.a(mpa_expmod.o)
 .debug_abbrev  0x00000000000029c0       0xf7 /home/dji/optee_os/out/arm/export-ta_arm32/lib/libmpa.a(mpa_init.o)
 .debug_abbrev  0x0000000000002ab7      0x223 /home/dji/optee_os/out/arm/export-ta_arm32/lib/libmpa.a(mpa_io.o)
 .debug_abbrev  0x0000000000002cda      0x13b /home/dji/optee_os/out/arm/export-ta_arm32/lib/libmpa.a(mpa_modulus.o)

.debug_aranges  0x0000000000000000      0x528
 .debug_aranges
                0x0000000000000000       0x20 ./jimmy_test_ta.o
 .debug_aranges
                0x0000000000000020       0x20 ./user_ta_header.o
 .debug_aranges
                0x0000000000000040       0x20 /home/dji/optee_os/out/arm/export-ta_arm32/lib/libutee.a(user_ta_entry.o)
 .debug_aranges
                0x0000000000000060       0x20 /home/dji/optee_os/out/arm/export-ta_arm32/lib/libutee.a(utee_syscalls_a32.o)
 .debug_aranges
                0x0000000000000080       0x20 /home/dji/optee_os/out/arm/export-ta_arm32/lib/libutee.a(gprof_a32.o)
 .debug_aranges
                0x00000000000000a0       0x20 /home/dji/optee_os/out/arm/export-ta_arm32/lib/libutee.a(tee_api_arith.o)
 .debug_aranges
                0x00000000000000c0       0x20 /home/dji/optee_os/out/arm/export-ta_arm32/lib/libutee.a(tee_api.o)
 .debug_aranges
                0x00000000000000e0       0x20 /home/dji/optee_os/out/arm/export-ta_arm32/lib/libutee.a(tee_api_panic.o)
 .debug_aranges
                0x0000000000000100       0x20 /home/dji/optee_os/out/arm/export-ta_arm32/lib/libutee.a(utee_misc.o)
 .debug_aranges
                0x0000000000000120       0x20 /home/dji/optee_os/out/arm/export-ta_arm32/lib/libutee.a(tee_user_mem.o)
 .debug_aranges
                0x0000000000000140       0x20 /home/dji/optee_os/out/arm/export-ta_arm32/lib/libutee.a(trace_ext.o)
 .debug_aranges
                0x0000000000000160       0x20 /home/dji/optee_os/out/arm/export-ta_arm32/lib/libutee.a(assert.o)
 .debug_aranges
                0x0000000000000180       0x20 /home/dji/optee_os/out/arm/export-ta_arm32/lib/libutils.a(bget_malloc.o)
 .debug_aranges
                0x00000000000001a0       0x20 /home/dji/optee_os/out/arm/export-ta_arm32/lib/libutils.a(snprintf.o)
 .debug_aranges
                0x00000000000001c0       0x20 /home/dji/optee_os/out/arm/export-ta_arm32/lib/libutils.a(memcmp.o)
 .debug_aranges
                0x00000000000001e0       0x20 /home/dji/optee_os/out/arm/export-ta_arm32/lib/libutils.a(memcpy.o)
 .debug_aranges
                0x0000000000000200       0x20 /home/dji/optee_os/out/arm/export-ta_arm32/lib/libutils.a(memmove.o)
 .debug_aranges
                0x0000000000000220       0x20 /home/dji/optee_os/out/arm/export-ta_arm32/lib/libutils.a(memset.o)
 .debug_aranges
                0x0000000000000240       0x20 /home/dji/optee_os/out/arm/export-ta_arm32/lib/libutils.a(strlen.o)
 .debug_aranges
                0x0000000000000260       0x20 /home/dji/optee_os/out/arm/export-ta_arm32/lib/libutils.a(snprintk.o)
 .debug_aranges
                0x0000000000000280       0x20 /home/dji/optee_os/out/arm/export-ta_arm32/lib/libutils.a(trace.o)
 .debug_aranges
                0x00000000000002a0       0x20 /home/dji/optee_os/out/arm/export-ta_arm32/lib/libutils.a(aeabi_unwind.o)
 .debug_aranges
                0x00000000000002c0       0x20 /home/dji/optee_os/out/arm/export-ta_arm32/lib/libutils.a(memchr.o)
 .debug_aranges
                0x00000000000002e0       0x28 /home/dji/optee_os/out/arm/export-ta_arm32/lib/libutils.a(arm32_aeabi_ldivmod_a32.o)
 .debug_aranges
                0x0000000000000308       0x20 /home/dji/optee_os/out/arm/export-ta_arm32/lib/libutils.a(arm32_aeabi_ldivmod.o)
 .debug_aranges
                0x0000000000000328       0x20 /home/dji/optee_os/out/arm/export-ta_arm32/lib/libmpa.a(mpa_misc.o)
 .debug_aranges
                0x0000000000000348       0x20 /home/dji/optee_os/out/arm/export-ta_arm32/lib/libmpa.a(mpa_montgomery.o)
 .debug_aranges
                0x0000000000000368       0x20 /home/dji/optee_os/out/arm/export-ta_arm32/lib/libmpa.a(mpa_primetest.o)
 .debug_aranges
                0x0000000000000388       0x20 /home/dji/optee_os/out/arm/export-ta_arm32/lib/libmpa.a(mpa_conv.o)
 .debug_aranges
                0x00000000000003a8       0x20 /home/dji/optee_os/out/arm/export-ta_arm32/lib/libmpa.a(mpa_div.o)
 .debug_aranges
                0x00000000000003c8       0x20 /home/dji/optee_os/out/arm/export-ta_arm32/lib/libmpa.a(mpa_gcd.o)
 .debug_aranges
                0x00000000000003e8       0x20 /home/dji/optee_os/out/arm/export-ta_arm32/lib/libmpa.a(mpa_mem_static.o)
 .debug_aranges
                0x0000000000000408       0x20 /home/dji/optee_os/out/arm/export-ta_arm32/lib/libmpa.a(mpa_mul.o)
 .debug_aranges
                0x0000000000000428       0x20 /home/dji/optee_os/out/arm/export-ta_arm32/lib/libmpa.a(mpa_random.o)
 .debug_aranges
                0x0000000000000448       0x20 /home/dji/optee_os/out/arm/export-ta_arm32/lib/libmpa.a(mpa_shift.o)
 .debug_aranges
                0x0000000000000468       0x20 /home/dji/optee_os/out/arm/export-ta_arm32/lib/libmpa.a(mpa_addsub.o)
 .debug_aranges
                0x0000000000000488       0x20 /home/dji/optee_os/out/arm/export-ta_arm32/lib/libmpa.a(mpa_cmp.o)
 .debug_aranges
                0x00000000000004a8       0x20 /home/dji/optee_os/out/arm/export-ta_arm32/lib/libmpa.a(mpa_expmod.o)
 .debug_aranges
                0x00000000000004c8       0x20 /home/dji/optee_os/out/arm/export-ta_arm32/lib/libmpa.a(mpa_init.o)
 .debug_aranges
                0x00000000000004e8       0x20 /home/dji/optee_os/out/arm/export-ta_arm32/lib/libmpa.a(mpa_io.o)
 .debug_aranges
                0x0000000000000508       0x20 /home/dji/optee_os/out/arm/export-ta_arm32/lib/libmpa.a(mpa_modulus.o)

.debug_macro    0x0000000000000000     0x572f
 .debug_macro   0x0000000000000000       0xc9 ./jimmy_test_ta.o
 .debug_macro   0x00000000000000c9      0x922 ./jimmy_test_ta.o
 .debug_macro   0x00000000000009eb      0x16d ./jimmy_test_ta.o
 .debug_macro   0x0000000000000b58       0xb8 ./jimmy_test_ta.o
 .debug_macro   0x0000000000000c10      0x8fc ./jimmy_test_ta.o
 .debug_macro   0x000000000000150c      0x192 ./jimmy_test_ta.o
 .debug_macro   0x000000000000169e       0x22 ./jimmy_test_ta.o
 .debug_macro   0x00000000000016c0       0x35 ./jimmy_test_ta.o
 .debug_macro   0x00000000000016f5       0x34 ./jimmy_test_ta.o
 .debug_macro   0x0000000000001729       0x97 ./jimmy_test_ta.o
 .debug_macro   0x00000000000017c0       0x10 ./jimmy_test_ta.o
 .debug_macro   0x00000000000017d0       0x58 ./jimmy_test_ta.o
 .debug_macro   0x0000000000001828       0xc4 ./jimmy_test_ta.o
 .debug_macro   0x00000000000018ec       0x1c ./jimmy_test_ta.o
 .debug_macro   0x0000000000001908       0xdc ./user_ta_header.o
 .debug_macro   0x00000000000019e4       0x76 ./user_ta_header.o
 .debug_macro   0x0000000000001a5a       0x22 ./user_ta_header.o
 .debug_macro   0x0000000000001a7c      0x16d /home/dji/optee_os/out/arm/export-ta_arm32/lib/libutee.a(user_ta_entry.o)
 .debug_macro   0x0000000000001be9      0x91c /home/dji/optee_os/out/arm/export-ta_arm32/lib/libutee.a(user_ta_entry.o)
 .debug_macro   0x0000000000002505      0x238 /home/dji/optee_os/out/arm/export-ta_arm32/lib/libutee.a(user_ta_entry.o)
 .debug_macro   0x000000000000273d       0x16 /home/dji/optee_os/out/arm/export-ta_arm32/lib/libutee.a(user_ta_entry.o)
 .debug_macro   0x0000000000002753      0x2cd /home/dji/optee_os/out/arm/export-ta_arm32/lib/libutee.a(user_ta_entry.o)
 .debug_macro   0x0000000000002a20       0x97 /home/dji/optee_os/out/arm/export-ta_arm32/lib/libutee.a(user_ta_entry.o)
 .debug_macro   0x0000000000002ab7       0xca /home/dji/optee_os/out/arm/export-ta_arm32/lib/libutee.a(user_ta_entry.o)
 .debug_macro   0x0000000000002b81       0x3a /home/dji/optee_os/out/arm/export-ta_arm32/lib/libutee.a(user_ta_entry.o)
 .debug_macro   0x0000000000002bbb       0x7c /home/dji/optee_os/out/arm/export-ta_arm32/lib/libutee.a(user_ta_entry.o)
 .debug_macro   0x0000000000002c37       0x22 /home/dji/optee_os/out/arm/export-ta_arm32/lib/libutee.a(user_ta_entry.o)
 .debug_macro   0x0000000000002c59       0x10 /home/dji/optee_os/out/arm/export-ta_arm32/lib/libutee.a(user_ta_entry.o)
 .debug_macro   0x0000000000002c69      0x149 /home/dji/optee_os/out/arm/export-ta_arm32/lib/libutee.a(tee_api_arith.o)
 .debug_macro   0x0000000000002db2       0x10 /home/dji/optee_os/out/arm/export-ta_arm32/lib/libutee.a(tee_api_arith.o)
 .debug_macro   0x0000000000002dc2       0x4c /home/dji/optee_os/out/arm/export-ta_arm32/lib/libutee.a(tee_api_arith.o)
 .debug_macro   0x0000000000002e0e       0x16 /home/dji/optee_os/out/arm/export-ta_arm32/lib/libutee.a(tee_api_arith.o)
 .debug_macro   0x0000000000002e24       0x74 /home/dji/optee_os/out/arm/export-ta_arm32/lib/libutee.a(tee_api_arith.o)
 .debug_macro   0x0000000000002e98      0x15c /home/dji/optee_os/out/arm/export-ta_arm32/lib/libutee.a(tee_api.o)
 .debug_macro   0x0000000000002ff4       0xc4 /home/dji/optee_os/out/arm/export-ta_arm32/lib/libutee.a(tee_api.o)
 .debug_macro   0x00000000000030b8       0xa1 /home/dji/optee_os/out/arm/export-ta_arm32/lib/libutee.a(tee_api_panic.o)
 .debug_macro   0x0000000000003159       0xf4 /home/dji/optee_os/out/arm/export-ta_arm32/lib/libutee.a(utee_misc.o)
 .debug_macro   0x000000000000324d      0x151 /home/dji/optee_os/out/arm/export-ta_arm32/lib/libutee.a(tee_user_mem.o)
 .debug_macro   0x000000000000339e       0x10 /home/dji/optee_os/out/arm/export-ta_arm32/lib/libutee.a(tee_user_mem.o)
 .debug_macro   0x00000000000033ae      0x1ac /home/dji/optee_os/out/arm/export-ta_arm32/lib/libutee.a(tee_user_mem.o)
 .debug_macro   0x000000000000355a       0xb2 /home/dji/optee_os/out/arm/export-ta_arm32/lib/libutee.a(tee_user_mem.o)
 .debug_macro   0x000000000000360c       0xde /home/dji/optee_os/out/arm/export-ta_arm32/lib/libutee.a(trace_ext.o)
 .debug_macro   0x00000000000036ea       0xac /home/dji/optee_os/out/arm/export-ta_arm32/lib/libutee.a(trace_ext.o)
 .debug_macro   0x0000000000003796       0xf3 /home/dji/optee_os/out/arm/export-ta_arm32/lib/libutee.a(assert.o)
 .debug_macro   0x0000000000003889      0x131 /home/dji/optee_os/out/arm/export-ta_arm32/lib/libutils.a(bget_malloc.o)
 .debug_macro   0x00000000000039ba       0x16 /home/dji/optee_os/out/arm/export-ta_arm32/lib/libutils.a(bget_malloc.o)
 .debug_macro   0x00000000000039d0       0x3c /home/dji/optee_os/out/arm/export-ta_arm32/lib/libutils.a(bget_malloc.o)
 .debug_macro   0x0000000000003a0c       0x4d /home/dji/optee_os/out/arm/export-ta_arm32/lib/libutils.a(snprintf.o)
 .debug_macro   0x0000000000003a59       0x51 /home/dji/optee_os/out/arm/export-ta_arm32/lib/libutils.a(memcmp.o)
 .debug_macro   0x0000000000003aaa      0x91c /home/dji/optee_os/out/arm/export-ta_arm32/lib/libutils.a(memcmp.o)
 .debug_macro   0x00000000000043c6       0x7c /home/dji/optee_os/out/arm/export-ta_arm32/lib/libutils.a(memcmp.o)
 .debug_macro   0x0000000000004442       0x57 /home/dji/optee_os/out/arm/export-ta_arm32/lib/libutils.a(memcpy.o)
 .debug_macro   0x0000000000004499       0x64 /home/dji/optee_os/out/arm/export-ta_arm32/lib/libutils.a(memmove.o)
 .debug_macro   0x00000000000044fd       0x51 /home/dji/optee_os/out/arm/export-ta_arm32/lib/libutils.a(memset.o)
 .debug_macro   0x000000000000454e       0x5a /home/dji/optee_os/out/arm/export-ta_arm32/lib/libutils.a(strlen.o)
 .debug_macro   0x00000000000045a8      0x127 /home/dji/optee_os/out/arm/export-ta_arm32/lib/libutils.a(snprintk.o)
 .debug_macro   0x00000000000046cf       0xcc /home/dji/optee_os/out/arm/export-ta_arm32/lib/libutils.a(trace.o)
 .debug_macro   0x000000000000479b       0x1a /home/dji/optee_os/out/arm/export-ta_arm32/lib/libutils.a(aeabi_unwind.o)
 .debug_macro   0x00000000000047b5       0x66 /home/dji/optee_os/out/arm/export-ta_arm32/lib/libutils.a(memchr.o)
 .debug_macro   0x000000000000481b       0x1a /home/dji/optee_os/out/arm/export-ta_arm32/lib/libutils.a(arm32_aeabi_ldivmod.o)
 .debug_macro   0x0000000000004835       0xdc /home/dji/optee_os/out/arm/export-ta_arm32/lib/libmpa.a(mpa_misc.o)
 .debug_macro   0x0000000000004911       0xa6 /home/dji/optee_os/out/arm/export-ta_arm32/lib/libmpa.a(mpa_misc.o)
 .debug_macro   0x00000000000049b7       0xdc /home/dji/optee_os/out/arm/export-ta_arm32/lib/libmpa.a(mpa_montgomery.o)
 .debug_macro   0x0000000000004a93       0xfe /home/dji/optee_os/out/arm/export-ta_arm32/lib/libmpa.a(mpa_primetest.o)
 .debug_macro   0x0000000000004b91       0xdc /home/dji/optee_os/out/arm/export-ta_arm32/lib/libmpa.a(mpa_conv.o)
 .debug_macro   0x0000000000004c6d       0xdc /home/dji/optee_os/out/arm/export-ta_arm32/lib/libmpa.a(mpa_div.o)
 .debug_macro   0x0000000000004d49       0xdc /home/dji/optee_os/out/arm/export-ta_arm32/lib/libmpa.a(mpa_gcd.o)
 .debug_macro   0x0000000000004e25      0x101 /home/dji/optee_os/out/arm/export-ta_arm32/lib/libmpa.a(mpa_mem_static.o)
 .debug_macro   0x0000000000004f26       0xdc /home/dji/optee_os/out/arm/export-ta_arm32/lib/libmpa.a(mpa_mul.o)
 .debug_macro   0x0000000000005002       0xf8 /home/dji/optee_os/out/arm/export-ta_arm32/lib/libmpa.a(mpa_random.o)
 .debug_macro   0x00000000000050fa       0xdc /home/dji/optee_os/out/arm/export-ta_arm32/lib/libmpa.a(mpa_shift.o)
 .debug_macro   0x00000000000051d6       0xdc /home/dji/optee_os/out/arm/export-ta_arm32/lib/libmpa.a(mpa_addsub.o)
 .debug_macro   0x00000000000052b2       0xdc /home/dji/optee_os/out/arm/export-ta_arm32/lib/libmpa.a(mpa_cmp.o)
 .debug_macro   0x000000000000538e       0xe2 /home/dji/optee_os/out/arm/export-ta_arm32/lib/libmpa.a(mpa_expmod.o)
 .debug_macro   0x0000000000005470       0xdc /home/dji/optee_os/out/arm/export-ta_arm32/lib/libmpa.a(mpa_init.o)
 .debug_macro   0x000000000000554c      0x107 /home/dji/optee_os/out/arm/export-ta_arm32/lib/libmpa.a(mpa_io.o)
 .debug_macro   0x0000000000005653       0xdc /home/dji/optee_os/out/arm/export-ta_arm32/lib/libmpa.a(mpa_modulus.o)

.debug_line     0x0000000000000000     0x60c0
 .debug_line    0x0000000000000000      0x20c ./jimmy_test_ta.o
 .debug_line    0x000000000000020c      0x21b ./user_ta_header.o
 .debug_line    0x0000000000000427      0x3ad /home/dji/optee_os/out/arm/export-ta_arm32/lib/libutee.a(user_ta_entry.o)
 .debug_line    0x00000000000007d4       0xbf /home/dji/optee_os/out/arm/export-ta_arm32/lib/libutee.a(utee_syscalls_a32.o)
 .debug_line    0x0000000000000893       0x59 /home/dji/optee_os/out/arm/export-ta_arm32/lib/libutee.a(gprof_a32.o)
 .debug_line    0x00000000000008ec      0x380 /home/dji/optee_os/out/arm/export-ta_arm32/lib/libutee.a(tee_api_arith.o)
 .debug_line    0x0000000000000c6c      0x3a0 /home/dji/optee_os/out/arm/export-ta_arm32/lib/libutee.a(tee_api.o)
 .debug_line    0x000000000000100c      0x1b7 /home/dji/optee_os/out/arm/export-ta_arm32/lib/libutee.a(tee_api_panic.o)
 .debug_line    0x00000000000011c3      0x229 /home/dji/optee_os/out/arm/export-ta_arm32/lib/libutee.a(utee_misc.o)
 .debug_line    0x00000000000013ec      0x3ac /home/dji/optee_os/out/arm/export-ta_arm32/lib/libutee.a(tee_user_mem.o)
 .debug_line    0x0000000000001798      0x237 /home/dji/optee_os/out/arm/export-ta_arm32/lib/libutee.a(trace_ext.o)
 .debug_line    0x00000000000019cf      0x242 /home/dji/optee_os/out/arm/export-ta_arm32/lib/libutee.a(assert.o)
 .debug_line    0x0000000000001c11      0x58f /home/dji/optee_os/out/arm/export-ta_arm32/lib/libutils.a(bget_malloc.o)
 .debug_line    0x00000000000021a0      0x13d /home/dji/optee_os/out/arm/export-ta_arm32/lib/libutils.a(snprintf.o)
 .debug_line    0x00000000000022dd      0x144 /home/dji/optee_os/out/arm/export-ta_arm32/lib/libutils.a(memcmp.o)
 .debug_line    0x0000000000002421      0x147 /home/dji/optee_os/out/arm/export-ta_arm32/lib/libutils.a(memcpy.o)
 .debug_line    0x0000000000002568      0x164 /home/dji/optee_os/out/arm/export-ta_arm32/lib/libutils.a(memmove.o)
 .debug_line    0x00000000000026cc      0x153 /home/dji/optee_os/out/arm/export-ta_arm32/lib/libutils.a(memset.o)
 .debug_line    0x000000000000281f      0x141 /home/dji/optee_os/out/arm/export-ta_arm32/lib/libutils.a(strlen.o)
 .debug_line    0x0000000000002960      0x4fc /home/dji/optee_os/out/arm/export-ta_arm32/lib/libutils.a(snprintk.o)
 .debug_line    0x0000000000002e5c      0x24d /home/dji/optee_os/out/arm/export-ta_arm32/lib/libutils.a(trace.o)
 .debug_line    0x00000000000030a9       0x83 /home/dji/optee_os/out/arm/export-ta_arm32/lib/libutils.a(aeabi_unwind.o)
 .debug_line    0x000000000000312c      0x161 /home/dji/optee_os/out/arm/export-ta_arm32/lib/libutils.a(memchr.o)
 .debug_line    0x000000000000328d       0x7d /home/dji/optee_os/out/arm/export-ta_arm32/lib/libutils.a(arm32_aeabi_ldivmod_a32.o)
 .debug_line    0x000000000000330a       0xcb /home/dji/optee_os/out/arm/export-ta_arm32/lib/libutils.a(arm32_aeabi_ldivmod.o)
 .debug_line    0x00000000000033d5      0x220 /home/dji/optee_os/out/arm/export-ta_arm32/lib/libmpa.a(mpa_misc.o)
 .debug_line    0x00000000000035f5      0x2df /home/dji/optee_os/out/arm/export-ta_arm32/lib/libmpa.a(mpa_montgomery.o)
 .debug_line    0x00000000000038d4      0x295 /home/dji/optee_os/out/arm/export-ta_arm32/lib/libmpa.a(mpa_primetest.o)
 .debug_line    0x0000000000003b69      0x24c /home/dji/optee_os/out/arm/export-ta_arm32/lib/libmpa.a(mpa_conv.o)
 .debug_line    0x0000000000003db5      0x494 /home/dji/optee_os/out/arm/export-ta_arm32/lib/libmpa.a(mpa_div.o)
 .debug_line    0x0000000000004249      0x3d4 /home/dji/optee_os/out/arm/export-ta_arm32/lib/libmpa.a(mpa_gcd.o)
 .debug_line    0x000000000000461d      0x255 /home/dji/optee_os/out/arm/export-ta_arm32/lib/libmpa.a(mpa_mem_static.o)
 .debug_line    0x0000000000004872      0x2cb /home/dji/optee_os/out/arm/export-ta_arm32/lib/libmpa.a(mpa_mul.o)
 .debug_line    0x0000000000004b3d      0x266 /home/dji/optee_os/out/arm/export-ta_arm32/lib/libmpa.a(mpa_random.o)
 .debug_line    0x0000000000004da3      0x2be /home/dji/optee_os/out/arm/export-ta_arm32/lib/libmpa.a(mpa_shift.o)
 .debug_line    0x0000000000005061      0x3d9 /home/dji/optee_os/out/arm/export-ta_arm32/lib/libmpa.a(mpa_addsub.o)
 .debug_line    0x000000000000543a      0x2a1 /home/dji/optee_os/out/arm/export-ta_arm32/lib/libmpa.a(mpa_cmp.o)
 .debug_line    0x00000000000056db      0x20c /home/dji/optee_os/out/arm/export-ta_arm32/lib/libmpa.a(mpa_expmod.o)
 .debug_line    0x00000000000058e7      0x1eb /home/dji/optee_os/out/arm/export-ta_arm32/lib/libmpa.a(mpa_init.o)
 .debug_line    0x0000000000005ad2      0x3e0 /home/dji/optee_os/out/arm/export-ta_arm32/lib/libmpa.a(mpa_io.o)
 .debug_line    0x0000000000005eb2      0x20e /home/dji/optee_os/out/arm/export-ta_arm32/lib/libmpa.a(mpa_modulus.o)

.debug_str      0x0000000000000000    0x1051f
 .debug_str     0x0000000000000000     0x7426 ./jimmy_test_ta.o
                                       0x75b6 (size before relaxing)
 .debug_str     0x0000000000007426      0x643 ./user_ta_header.o
                                       0x7af7 (size before relaxing)
 .debug_str     0x0000000000007a69     0x4376 /home/dji/optee_os/out/arm/export-ta_arm32/lib/libutee.a(user_ta_entry.o)
                                       0xb9a4 (size before relaxing)
 .debug_str     0x000000000000bddf      0xac6 /home/dji/optee_os/out/arm/export-ta_arm32/lib/libutee.a(tee_api_arith.o)
                                       0x86c9 (size before relaxing)
 .debug_str     0x000000000000c8a5      0x384 /home/dji/optee_os/out/arm/export-ta_arm32/lib/libutee.a(tee_api.o)
                                       0x8837 (size before relaxing)
 .debug_str     0x000000000000cc29       0x30 /home/dji/optee_os/out/arm/export-ta_arm32/lib/libutee.a(tee_api_panic.o)
                                       0x76c1 (size before relaxing)
 .debug_str     0x000000000000cc59       0x72 /home/dji/optee_os/out/arm/export-ta_arm32/lib/libutee.a(utee_misc.o)
                                       0x79e5 (size before relaxing)
 .debug_str     0x000000000000cccb     0x14aa /home/dji/optee_os/out/arm/export-ta_arm32/lib/libutee.a(tee_user_mem.o)
                                       0xc744 (size before relaxing)
 .debug_str     0x000000000000e175       0x73 /home/dji/optee_os/out/arm/export-ta_arm32/lib/libutee.a(trace_ext.o)
                                       0x7ec1 (size before relaxing)
 .debug_str     0x000000000000e1e8       0x39 /home/dji/optee_os/out/arm/export-ta_arm32/lib/libutee.a(assert.o)
                                       0x7e26 (size before relaxing)
 .debug_str     0x000000000000e221      0x5a9 /home/dji/optee_os/out/arm/export-ta_arm32/lib/libutils.a(bget_malloc.o)
                                       0x544f (size before relaxing)
 .debug_str     0x000000000000e7ca       0x2e /home/dji/optee_os/out/arm/export-ta_arm32/lib/libutils.a(snprintf.o)
                                       0x3369 (size before relaxing)
 .debug_str     0x000000000000e7f8      0x356 /home/dji/optee_os/out/arm/export-ta_arm32/lib/libutils.a(memcmp.o)
                                       0x3452 (size before relaxing)
 .debug_str     0x000000000000eb4e       0xaf /home/dji/optee_os/out/arm/export-ta_arm32/lib/libutils.a(memcpy.o)
                                       0x348f (size before relaxing)
 .debug_str     0x000000000000ebfd       0x3c /home/dji/optee_os/out/arm/export-ta_arm32/lib/libutils.a(memmove.o)
                                       0x367a (size before relaxing)
 .debug_str     0x000000000000ec39       0x59 /home/dji/optee_os/out/arm/export-ta_arm32/lib/libutils.a(memset.o)
                                       0x3436 (size before relaxing)
 .debug_str     0x000000000000ec92       0x63 /home/dji/optee_os/out/arm/export-ta_arm32/lib/libutils.a(strlen.o)
                                       0x362a (size before relaxing)
 .debug_str     0x000000000000ecf5      0x581 /home/dji/optee_os/out/arm/export-ta_arm32/lib/libutils.a(snprintk.o)
                                       0x3f09 (size before relaxing)
 .debug_str     0x000000000000f276       0x87 /home/dji/optee_os/out/arm/export-ta_arm32/lib/libutils.a(trace.o)
                                       0x4db6 (size before relaxing)
 .debug_str     0x000000000000f2fd       0x6e /home/dji/optee_os/out/arm/export-ta_arm32/lib/libutils.a(aeabi_unwind.o)
                                       0x2eda (size before relaxing)
 .debug_str     0x000000000000f36b       0x84 /home/dji/optee_os/out/arm/export-ta_arm32/lib/libutils.a(memchr.o)
                                       0x368a (size before relaxing)
 .debug_str     0x000000000000f3ef       0x86 /home/dji/optee_os/out/arm/export-ta_arm32/lib/libutils.a(arm32_aeabi_ldivmod.o)
                                       0x2f24 (size before relaxing)
 .debug_str     0x000000000000f475      0x573 /home/dji/optee_os/out/arm/export-ta_arm32/lib/libmpa.a(mpa_misc.o)
                                       0x4d12 (size before relaxing)
 .debug_str     0x000000000000f9e8       0xd8 /home/dji/optee_os/out/arm/export-ta_arm32/lib/libmpa.a(mpa_montgomery.o)
                                       0x4e00 (size before relaxing)
 .debug_str     0x000000000000fac0      0x185 /home/dji/optee_os/out/arm/export-ta_arm32/lib/libmpa.a(mpa_primetest.o)
                                       0x4eb0 (size before relaxing)
 .debug_str     0x000000000000fc45       0x52 /home/dji/optee_os/out/arm/export-ta_arm32/lib/libmpa.a(mpa_conv.o)
                                       0x4cc9 (size before relaxing)
 .debug_str     0x000000000000fc97       0xf4 /home/dji/optee_os/out/arm/export-ta_arm32/lib/libmpa.a(mpa_div.o)
                                       0x4e01 (size before relaxing)
 .debug_str     0x000000000000fd8b       0x9c /home/dji/optee_os/out/arm/export-ta_arm32/lib/libmpa.a(mpa_gcd.o)
                                       0x4daa (size before relaxing)
 .debug_str     0x000000000000fe27      0x10f /home/dji/optee_os/out/arm/export-ta_arm32/lib/libmpa.a(mpa_mem_static.o)
                                       0x58a4 (size before relaxing)
 .debug_str     0x000000000000ff36       0x81 /home/dji/optee_os/out/arm/export-ta_arm32/lib/libmpa.a(mpa_mul.o)
                                       0x4da5 (size before relaxing)
 .debug_str     0x000000000000ffb7       0x83 /home/dji/optee_os/out/arm/export-ta_arm32/lib/libmpa.a(mpa_random.o)
                                       0x80b8 (size before relaxing)
 .debug_str     0x000000000001003a       0x81 /home/dji/optee_os/out/arm/export-ta_arm32/lib/libmpa.a(mpa_shift.o)
                                       0x4cf8 (size before relaxing)
 .debug_str     0x00000000000100bb      0x124 /home/dji/optee_os/out/arm/export-ta_arm32/lib/libmpa.a(mpa_addsub.o)
                                       0x4e64 (size before relaxing)
 .debug_str     0x00000000000101df       0x77 /home/dji/optee_os/out/arm/export-ta_arm32/lib/libmpa.a(mpa_cmp.o)
                                       0x4cfc (size before relaxing)
 .debug_str     0x0000000000010256       0x8d /home/dji/optee_os/out/arm/export-ta_arm32/lib/libmpa.a(mpa_expmod.o)
                                       0x4db8 (size before relaxing)
 .debug_str     0x00000000000102e3       0x42 /home/dji/optee_os/out/arm/export-ta_arm32/lib/libmpa.a(mpa_init.o)
                                       0x4d03 (size before relaxing)
 .debug_str     0x0000000000010325      0x1a9 /home/dji/optee_os/out/arm/export-ta_arm32/lib/libmpa.a(mpa_io.o)
                                       0x53c0 (size before relaxing)
 .debug_str     0x00000000000104ce       0x51 /home/dji/optee_os/out/arm/export-ta_arm32/lib/libmpa.a(mpa_modulus.o)
                                       0x4d63 (size before relaxing)

.comment        0x0000000000000000       0x2d
 .comment       0x0000000000000000       0x2d ./jimmy_test_ta.o
                                         0x2e (size before relaxing)
 .comment       0x000000000000002d       0x2e ./user_ta_header.o
 .comment       0x000000000000002d       0x2e /home/dji/optee_os/out/arm/export-ta_arm32/lib/libutee.a(user_ta_entry.o)
 .comment       0x000000000000002d       0x2e /home/dji/optee_os/out/arm/export-ta_arm32/lib/libutee.a(tee_api_arith.o)
 .comment       0x000000000000002d       0x2e /home/dji/optee_os/out/arm/export-ta_arm32/lib/libutee.a(tee_api.o)
 .comment       0x000000000000002d       0x2e /home/dji/optee_os/out/arm/export-ta_arm32/lib/libutee.a(tee_api_panic.o)
 .comment       0x000000000000002d       0x2e /home/dji/optee_os/out/arm/export-ta_arm32/lib/libutee.a(utee_misc.o)
 .comment       0x000000000000002d       0x2e /home/dji/optee_os/out/arm/export-ta_arm32/lib/libutee.a(tee_user_mem.o)
 .comment       0x000000000000002d       0x2e /home/dji/optee_os/out/arm/export-ta_arm32/lib/libutee.a(trace_ext.o)
 .comment       0x000000000000002d       0x2e /home/dji/optee_os/out/arm/export-ta_arm32/lib/libutee.a(assert.o)
 .comment       0x000000000000002d       0x2e /home/dji/optee_os/out/arm/export-ta_arm32/lib/libutils.a(bget_malloc.o)
 .comment       0x000000000000002d       0x2e /home/dji/optee_os/out/arm/export-ta_arm32/lib/libutils.a(snprintf.o)
 .comment       0x000000000000002d       0x2e /home/dji/optee_os/out/arm/export-ta_arm32/lib/libutils.a(memcmp.o)
 .comment       0x000000000000002d       0x2e /home/dji/optee_os/out/arm/export-ta_arm32/lib/libutils.a(memcpy.o)
 .comment       0x000000000000002d       0x2e /home/dji/optee_os/out/arm/export-ta_arm32/lib/libutils.a(memmove.o)
 .comment       0x000000000000002d       0x2e /home/dji/optee_os/out/arm/export-ta_arm32/lib/libutils.a(memset.o)
 .comment       0x000000000000002d       0x2e /home/dji/optee_os/out/arm/export-ta_arm32/lib/libutils.a(strlen.o)
 .comment       0x000000000000002d       0x2e /home/dji/optee_os/out/arm/export-ta_arm32/lib/libutils.a(snprintk.o)
 .comment       0x000000000000002d       0x2e /home/dji/optee_os/out/arm/export-ta_arm32/lib/libutils.a(trace.o)
 .comment       0x000000000000002d       0x2e /home/dji/optee_os/out/arm/export-ta_arm32/lib/libutils.a(aeabi_unwind.o)
 .comment       0x000000000000002d       0x2e /home/dji/optee_os/out/arm/export-ta_arm32/lib/libutils.a(memchr.o)
 .comment       0x000000000000002d       0x2e /home/dji/optee_os/out/arm/export-ta_arm32/lib/libutils.a(arm32_aeabi_ldivmod.o)
 .comment       0x000000000000002d       0x2e /home/dji/optee_os/out/arm/export-ta_arm32/lib/libmpa.a(mpa_misc.o)
 .comment       0x000000000000002d       0x2e /home/dji/optee_os/out/arm/export-ta_arm32/lib/libmpa.a(mpa_montgomery.o)
 .comment       0x000000000000002d       0x2e /home/dji/optee_os/out/arm/export-ta_arm32/lib/libmpa.a(mpa_primetest.o)
 .comment       0x000000000000002d       0x2e /home/dji/optee_os/out/arm/export-ta_arm32/lib/libmpa.a(mpa_conv.o)
 .comment       0x000000000000002d       0x2e /home/dji/optee_os/out/arm/export-ta_arm32/lib/libmpa.a(mpa_div.o)
 .comment       0x000000000000002d       0x2e /home/dji/optee_os/out/arm/export-ta_arm32/lib/libmpa.a(mpa_gcd.o)
 .comment       0x000000000000002d       0x2e /home/dji/optee_os/out/arm/export-ta_arm32/lib/libmpa.a(mpa_mem_static.o)
 .comment       0x000000000000002d       0x2e /home/dji/optee_os/out/arm/export-ta_arm32/lib/libmpa.a(mpa_mul.o)
 .comment       0x000000000000002d       0x2e /home/dji/optee_os/out/arm/export-ta_arm32/lib/libmpa.a(mpa_random.o)
 .comment       0x000000000000002d       0x2e /home/dji/optee_os/out/arm/export-ta_arm32/lib/libmpa.a(mpa_shift.o)
 .comment       0x000000000000002d       0x2e /home/dji/optee_os/out/arm/export-ta_arm32/lib/libmpa.a(mpa_addsub.o)
 .comment       0x000000000000002d       0x2e /home/dji/optee_os/out/arm/export-ta_arm32/lib/libmpa.a(mpa_cmp.o)
 .comment       0x000000000000002d       0x2e /home/dji/optee_os/out/arm/export-ta_arm32/lib/libmpa.a(mpa_expmod.o)
 .comment       0x000000000000002d       0x2e /home/dji/optee_os/out/arm/export-ta_arm32/lib/libmpa.a(mpa_init.o)
 .comment       0x000000000000002d       0x2e /home/dji/optee_os/out/arm/export-ta_arm32/lib/libmpa.a(mpa_io.o)
 .comment       0x000000000000002d       0x2e /home/dji/optee_os/out/arm/export-ta_arm32/lib/libmpa.a(mpa_modulus.o)

.note.GNU-stack
                0x0000000000000000        0x0
 .note.GNU-stack
                0x0000000000000000        0x0 ./jimmy_test_ta.o
 .note.GNU-stack
                0x0000000000000000        0x0 ./user_ta_header.o
 .note.GNU-stack
                0x0000000000000000        0x0 /home/dji/optee_os/out/arm/export-ta_arm32/lib/libutee.a(user_ta_entry.o)
 .note.GNU-stack
                0x0000000000000000        0x0 /home/dji/optee_os/out/arm/export-ta_arm32/lib/libutee.a(tee_api_arith.o)
 .note.GNU-stack
                0x0000000000000000        0x0 /home/dji/optee_os/out/arm/export-ta_arm32/lib/libutee.a(tee_api.o)
 .note.GNU-stack
                0x0000000000000000        0x0 /home/dji/optee_os/out/arm/export-ta_arm32/lib/libutee.a(tee_api_panic.o)
 .note.GNU-stack
                0x0000000000000000        0x0 /home/dji/optee_os/out/arm/export-ta_arm32/lib/libutee.a(utee_misc.o)
 .note.GNU-stack
                0x0000000000000000        0x0 /home/dji/optee_os/out/arm/export-ta_arm32/lib/libutee.a(tee_user_mem.o)
 .note.GNU-stack
                0x0000000000000000        0x0 /home/dji/optee_os/out/arm/export-ta_arm32/lib/libutee.a(trace_ext.o)
 .note.GNU-stack
                0x0000000000000000        0x0 /home/dji/optee_os/out/arm/export-ta_arm32/lib/libutee.a(assert.o)
 .note.GNU-stack
                0x0000000000000000        0x0 /home/dji/optee_os/out/arm/export-ta_arm32/lib/libutils.a(bget_malloc.o)
 .note.GNU-stack
                0x0000000000000000        0x0 /home/dji/optee_os/out/arm/export-ta_arm32/lib/libutils.a(snprintf.o)
 .note.GNU-stack
                0x0000000000000000        0x0 /home/dji/optee_os/out/arm/export-ta_arm32/lib/libutils.a(memcmp.o)
 .note.GNU-stack
                0x0000000000000000        0x0 /home/dji/optee_os/out/arm/export-ta_arm32/lib/libutils.a(memcpy.o)
 .note.GNU-stack
                0x0000000000000000        0x0 /home/dji/optee_os/out/arm/export-ta_arm32/lib/libutils.a(memmove.o)
 .note.GNU-stack
                0x0000000000000000        0x0 /home/dji/optee_os/out/arm/export-ta_arm32/lib/libutils.a(memset.o)
 .note.GNU-stack
                0x0000000000000000        0x0 /home/dji/optee_os/out/arm/export-ta_arm32/lib/libutils.a(strlen.o)
 .note.GNU-stack
                0x0000000000000000        0x0 /home/dji/optee_os/out/arm/export-ta_arm32/lib/libutils.a(snprintk.o)
 .note.GNU-stack
                0x0000000000000000        0x0 /home/dji/optee_os/out/arm/export-ta_arm32/lib/libutils.a(trace.o)
 .note.GNU-stack
                0x0000000000000000        0x0 /home/dji/optee_os/out/arm/export-ta_arm32/lib/libutils.a(aeabi_unwind.o)
 .note.GNU-stack
                0x0000000000000000        0x0 /home/dji/optee_os/out/arm/export-ta_arm32/lib/libutils.a(memchr.o)
 .note.GNU-stack
                0x0000000000000000        0x0 /home/dji/optee_os/out/arm/export-ta_arm32/lib/libutils.a(arm32_aeabi_ldivmod.o)
 .note.GNU-stack
                0x0000000000000000        0x0 /home/dji/optee_os/out/arm/export-ta_arm32/lib/libmpa.a(mpa_misc.o)
 .note.GNU-stack
                0x0000000000000000        0x0 /home/dji/optee_os/out/arm/export-ta_arm32/lib/libmpa.a(mpa_montgomery.o)
 .note.GNU-stack
                0x0000000000000000        0x0 /home/dji/optee_os/out/arm/export-ta_arm32/lib/libmpa.a(mpa_primetest.o)
 .note.GNU-stack
                0x0000000000000000        0x0 /home/dji/optee_os/out/arm/export-ta_arm32/lib/libmpa.a(mpa_conv.o)
 .note.GNU-stack